
Allocating common symbols
Common symbol       size              file

inpwm               0xc               ..\obj\main.o

Discarded input sections

 .text          0x00000000        0x0 ..\obj\semihosting.o
 .data          0x00000000        0x0 ..\obj\semihosting.o
 .text.SH_SendString
                0x00000000       0x24 ..\obj\semihosting.o
 .text.SH_GetChar
                0x00000000       0x40 ..\obj\semihosting.o
 .text          0x00000000        0x0 ..\obj\stm32f4xx_syscfg.o
 .data          0x00000000        0x0 ..\obj\stm32f4xx_syscfg.o
 .bss           0x00000000        0x0 ..\obj\stm32f4xx_syscfg.o
 .text.SYSCFG_DeInit
                0x00000000       0x1c ..\obj\stm32f4xx_syscfg.o
 .text.SYSCFG_MemoryRemapConfig
                0x00000000       0x20 ..\obj\stm32f4xx_syscfg.o
 .text.SYSCFG_ETH_MediaInterfaceConfig
                0x00000000       0x1c ..\obj\stm32f4xx_syscfg.o
 .text.SYSCFG_CompensationCellCmd
                0x00000000       0x20 ..\obj\stm32f4xx_syscfg.o
 .text.SYSCFG_GetCompensationCellStatus
                0x00000000       0x34 ..\obj\stm32f4xx_syscfg.o
 .text          0x00000000        0x0 ..\obj\startup_stm32f4xx.o
 .data          0x00000000        0x0 ..\obj\startup_stm32f4xx.o
 .bss           0x00000000        0x0 ..\obj\startup_stm32f4xx.o
 .text          0x00000000        0x0 ..\obj\main.o
 .data          0x00000000        0xc ..\obj\main.o
 .text.init_I2C1
                0x00000000       0x8c ..\obj\main.o
 .text.I2C_start
                0x00000000       0x90 ..\obj\main.o
 .text.I2C_write
                0x00000000       0x30 ..\obj\main.o
 .text.I2C_read_ack
                0x00000000       0x38 ..\obj\main.o
 .text.I2C_read_nack
                0x00000000       0x40 ..\obj\main.o
 .text.I2C_stop
                0x00000000       0x18 ..\obj\main.o
 .text.init_gyro
                0x00000000       0x88 ..\obj\main.o
 .text.init_akm
                0x00000000       0xac ..\obj\main.o
 .text.init_bar
                0x00000000       0x2c ..\obj\main.o
 .text.gyro_read
                0x00000000      0x17c ..\obj\main.o
 .text.ak_read  0x00000000      0x198 ..\obj\main.o
 .text.m_read   0x00000000       0xd8 ..\obj\main.o
 .text.bar_read
                0x00000000       0xa4 ..\obj\main.o
 .text          0x00000000        0x0 ..\obj\stm32f4xx_rcc.o
 .data          0x00000000       0x10 ..\obj\stm32f4xx_rcc.o
 .bss           0x00000000        0x0 ..\obj\stm32f4xx_rcc.o
 .text.RCC_DeInit
                0x00000000       0x50 ..\obj\stm32f4xx_rcc.o
 .text.RCC_HSEConfig
                0x00000000       0x24 ..\obj\stm32f4xx_rcc.o
 .text.RCC_WaitForHSEStartUp
                0x00000000       0x50 ..\obj\stm32f4xx_rcc.o
 .text.RCC_AdjustHSICalibrationValue
                0x00000000       0x3c ..\obj\stm32f4xx_rcc.o
 .text.RCC_HSICmd
                0x00000000       0x20 ..\obj\stm32f4xx_rcc.o
 .text.RCC_LSEConfig
                0x00000000       0x40 ..\obj\stm32f4xx_rcc.o
 .text.RCC_LSICmd
                0x00000000       0x20 ..\obj\stm32f4xx_rcc.o
 .text.RCC_PLLConfig
                0x00000000       0x3c ..\obj\stm32f4xx_rcc.o
 .text.RCC_PLLCmd
                0x00000000       0x20 ..\obj\stm32f4xx_rcc.o
 .text.RCC_PLLI2SConfig
                0x00000000       0x28 ..\obj\stm32f4xx_rcc.o
 .text.RCC_PLLI2SCmd
                0x00000000       0x20 ..\obj\stm32f4xx_rcc.o
 .text.RCC_ClockSecuritySystemCmd
                0x00000000       0x20 ..\obj\stm32f4xx_rcc.o
 .text.RCC_MCO1Config
                0x00000000       0x3c ..\obj\stm32f4xx_rcc.o
 .text.RCC_MCO2Config
                0x00000000       0x3c ..\obj\stm32f4xx_rcc.o
 .text.RCC_SYSCLKConfig
                0x00000000       0x38 ..\obj\stm32f4xx_rcc.o
 .text.RCC_GetSYSCLKSource
                0x00000000       0x20 ..\obj\stm32f4xx_rcc.o
 .text.RCC_HCLKConfig
                0x00000000       0x38 ..\obj\stm32f4xx_rcc.o
 .text.RCC_PCLK1Config
                0x00000000       0x38 ..\obj\stm32f4xx_rcc.o
 .text.RCC_PCLK2Config
                0x00000000       0x38 ..\obj\stm32f4xx_rcc.o
 .text.RCC_GetClocksFreq
                0x00000000      0x154 ..\obj\stm32f4xx_rcc.o
 .text.RCC_RTCCLKConfig
                0x00000000       0x5c ..\obj\stm32f4xx_rcc.o
 .text.RCC_RTCCLKCmd
                0x00000000       0x20 ..\obj\stm32f4xx_rcc.o
 .text.RCC_BackupResetCmd
                0x00000000       0x20 ..\obj\stm32f4xx_rcc.o
 .text.RCC_I2SCLKConfig
                0x00000000       0x1c ..\obj\stm32f4xx_rcc.o
 .text.RCC_AHB2PeriphClockCmd
                0x00000000       0x3c ..\obj\stm32f4xx_rcc.o
 .text.RCC_AHB3PeriphClockCmd
                0x00000000       0x3c ..\obj\stm32f4xx_rcc.o
 .text.RCC_AHB1PeriphResetCmd
                0x00000000       0x3c ..\obj\stm32f4xx_rcc.o
 .text.RCC_AHB2PeriphResetCmd
                0x00000000       0x3c ..\obj\stm32f4xx_rcc.o
 .text.RCC_AHB3PeriphResetCmd
                0x00000000       0x3c ..\obj\stm32f4xx_rcc.o
 .text.RCC_APB1PeriphResetCmd
                0x00000000       0x3c ..\obj\stm32f4xx_rcc.o
 .text.RCC_APB2PeriphResetCmd
                0x00000000       0x3c ..\obj\stm32f4xx_rcc.o
 .text.RCC_AHB1PeriphClockLPModeCmd
                0x00000000       0x3c ..\obj\stm32f4xx_rcc.o
 .text.RCC_AHB2PeriphClockLPModeCmd
                0x00000000       0x3c ..\obj\stm32f4xx_rcc.o
 .text.RCC_AHB3PeriphClockLPModeCmd
                0x00000000       0x3c ..\obj\stm32f4xx_rcc.o
 .text.RCC_APB1PeriphClockLPModeCmd
                0x00000000       0x3c ..\obj\stm32f4xx_rcc.o
 .text.RCC_APB2PeriphClockLPModeCmd
                0x00000000       0x3c ..\obj\stm32f4xx_rcc.o
 .text.RCC_ITConfig
                0x00000000       0x4c ..\obj\stm32f4xx_rcc.o
 .text.RCC_GetFlagStatus
                0x00000000       0x74 ..\obj\stm32f4xx_rcc.o
 .text.RCC_ClearFlag
                0x00000000       0x1c ..\obj\stm32f4xx_rcc.o
 .text.RCC_GetITStatus
                0x00000000       0x38 ..\obj\stm32f4xx_rcc.o
 .text.RCC_ClearITPendingBit
                0x00000000       0x20 ..\obj\stm32f4xx_rcc.o
 .text          0x00000000        0x0 ..\obj\printf.o
 .bss           0x00000000        0x0 ..\obj\printf.o
 .text.snprintf
                0x00000000       0x30 ..\obj\printf.o
 .text.fprintf  0x00000000       0x2c ..\obj\printf.o
 .text.sprintf  0x00000000       0x2c ..\obj\printf.o
 .text          0x00000000        0x0 ..\obj\stm32f4xx_gpio.o
 .data          0x00000000        0x0 ..\obj\stm32f4xx_gpio.o
 .bss           0x00000000        0x0 ..\obj\stm32f4xx_gpio.o
 .text.GPIO_DeInit
                0x00000000      0x120 ..\obj\stm32f4xx_gpio.o
 .text.GPIO_StructInit
                0x00000000       0x34 ..\obj\stm32f4xx_gpio.o
 .text.GPIO_PinLockConfig
                0x00000000       0x44 ..\obj\stm32f4xx_gpio.o
 .text.GPIO_ReadInputData
                0x00000000       0x1c ..\obj\stm32f4xx_gpio.o
 .text.GPIO_ReadOutputDataBit
                0x00000000       0x34 ..\obj\stm32f4xx_gpio.o
 .text.GPIO_ReadOutputData
                0x00000000       0x1c ..\obj\stm32f4xx_gpio.o
 .text.GPIO_WriteBit
                0x00000000       0x30 ..\obj\stm32f4xx_gpio.o
 .text.GPIO_Write
                0x00000000       0x1c ..\obj\stm32f4xx_gpio.o
 .text.GPIO_ToggleBits
                0x00000000       0x24 ..\obj\stm32f4xx_gpio.o
 .data          0x00000000        0x0 ..\obj\sh_cmd.o
 .bss           0x00000000        0x0 ..\obj\sh_cmd.o
 .text          0x00000000        0x0 ..\obj\system_stm32f4xx.o
 .bss           0x00000000        0x0 ..\obj\system_stm32f4xx.o
 .text.SystemCoreClockUpdate
                0x00000000       0xf8 ..\obj\system_stm32f4xx.o
 .text          0x00000000        0x0 ..\obj\syscalls.o
 .data          0x00000000        0x0 ..\obj\syscalls.o
 .bss           0x00000000        0x4 ..\obj\syscalls.o
 .text._sbrk    0x00000000       0x40 ..\obj\syscalls.o
 .text.link     0x00000000       0x1c ..\obj\syscalls.o
 .text._close   0x00000000       0x18 ..\obj\syscalls.o
 .text._fstat   0x00000000       0x20 ..\obj\syscalls.o
 .text._isatty  0x00000000       0x18 ..\obj\syscalls.o
 .text._lseek   0x00000000       0x1c ..\obj\syscalls.o
 .text._read    0x00000000       0x1c ..\obj\syscalls.o
 .text._write   0x00000000       0x1c ..\obj\syscalls.o
 .text.abort    0x00000000        0x8 ..\obj\syscalls.o
 .debug_info    0x00000000      0x3ee ..\obj\syscalls.o
 .debug_abbrev  0x00000000       0xe2 ..\obj\syscalls.o
 .debug_aranges
                0x00000000       0x60 ..\obj\syscalls.o
 .debug_ranges  0x00000000       0x50 ..\obj\syscalls.o
 .debug_line    0x00000000      0x173 ..\obj\syscalls.o
 .debug_str     0x00000000      0x2ec ..\obj\syscalls.o
 .comment       0x00000000       0x71 ..\obj\syscalls.o
 .debug_frame   0x00000000      0x168 ..\obj\syscalls.o
 .ARM.attributes
                0x00000000       0x39 ..\obj\syscalls.o
 .text          0x00000000        0x0 ..\obj\stm32f4xx_i2c.o
 .data          0x00000000        0x0 ..\obj\stm32f4xx_i2c.o
 .bss           0x00000000        0x0 ..\obj\stm32f4xx_i2c.o
 .text.I2C_DeInit
                0x00000000       0x74 ..\obj\stm32f4xx_i2c.o
 .text.I2C_Init
                0x00000000      0x184 ..\obj\stm32f4xx_i2c.o
 .text.I2C_StructInit
                0x00000000       0x3c ..\obj\stm32f4xx_i2c.o
 .text.I2C_Cmd  0x00000000       0x40 ..\obj\stm32f4xx_i2c.o
 .text.I2C_GenerateSTART
                0x00000000       0x40 ..\obj\stm32f4xx_i2c.o
 .text.I2C_GenerateSTOP
                0x00000000       0x40 ..\obj\stm32f4xx_i2c.o
 .text.I2C_Send7bitAddress
                0x00000000       0x3c ..\obj\stm32f4xx_i2c.o
 .text.I2C_AcknowledgeConfig
                0x00000000       0x40 ..\obj\stm32f4xx_i2c.o
 .text.I2C_OwnAddress2Config
                0x00000000       0x40 ..\obj\stm32f4xx_i2c.o
 .text.I2C_DualAddressCmd
                0x00000000       0x40 ..\obj\stm32f4xx_i2c.o
 .text.I2C_GeneralCallCmd
                0x00000000       0x40 ..\obj\stm32f4xx_i2c.o
 .text.I2C_SoftwareResetCmd
                0x00000000       0x44 ..\obj\stm32f4xx_i2c.o
 .text.I2C_StretchClockCmd
                0x00000000       0x40 ..\obj\stm32f4xx_i2c.o
 .text.I2C_FastModeDutyCycleConfig
                0x00000000       0x40 ..\obj\stm32f4xx_i2c.o
 .text.I2C_NACKPositionConfig
                0x00000000       0x40 ..\obj\stm32f4xx_i2c.o
 .text.I2C_SMBusAlertConfig
                0x00000000       0x40 ..\obj\stm32f4xx_i2c.o
 .text.I2C_ARPCmd
                0x00000000       0x40 ..\obj\stm32f4xx_i2c.o
 .text.I2C_SendData
                0x00000000       0x20 ..\obj\stm32f4xx_i2c.o
 .text.I2C_ReceiveData
                0x00000000       0x1c ..\obj\stm32f4xx_i2c.o
 .text.I2C_TransmitPEC
                0x00000000       0x40 ..\obj\stm32f4xx_i2c.o
 .text.I2C_PECPositionConfig
                0x00000000       0x40 ..\obj\stm32f4xx_i2c.o
 .text.I2C_CalculatePEC
                0x00000000       0x40 ..\obj\stm32f4xx_i2c.o
 .text.I2C_GetPEC
                0x00000000       0x20 ..\obj\stm32f4xx_i2c.o
 .text.I2C_DMACmd
                0x00000000       0x40 ..\obj\stm32f4xx_i2c.o
 .text.I2C_DMALastTransferCmd
                0x00000000       0x40 ..\obj\stm32f4xx_i2c.o
 .text.I2C_ReadRegister
                0x00000000       0x30 ..\obj\stm32f4xx_i2c.o
 .text.I2C_ITConfig
                0x00000000       0x48 ..\obj\stm32f4xx_i2c.o
 .text.I2C_CheckEvent
                0x00000000       0x60 ..\obj\stm32f4xx_i2c.o
 .text.I2C_GetLastEvent
                0x00000000       0x44 ..\obj\stm32f4xx_i2c.o
 .text.I2C_GetFlagStatus
                0x00000000       0x68 ..\obj\stm32f4xx_i2c.o
 .text.I2C_ClearFlag
                0x00000000       0x2c ..\obj\stm32f4xx_i2c.o
 .text.I2C_GetITStatus
                0x00000000       0x5c ..\obj\stm32f4xx_i2c.o
 .text.I2C_ClearITPendingBit
                0x00000000       0x2c ..\obj\stm32f4xx_i2c.o
 .debug_info    0x00000000      0xaf4 ..\obj\stm32f4xx_i2c.o
 .debug_abbrev  0x00000000      0x164 ..\obj\stm32f4xx_i2c.o
 .debug_aranges
                0x00000000      0x120 ..\obj\stm32f4xx_i2c.o
 .debug_ranges  0x00000000      0x110 ..\obj\stm32f4xx_i2c.o
 .debug_line    0x00000000      0x4d6 ..\obj\stm32f4xx_i2c.o
 .debug_str     0x00000000      0x683 ..\obj\stm32f4xx_i2c.o
 .comment       0x00000000       0x71 ..\obj\stm32f4xx_i2c.o
 .debug_frame   0x00000000      0x530 ..\obj\stm32f4xx_i2c.o
 .ARM.attributes
                0x00000000       0x39 ..\obj\stm32f4xx_i2c.o
 .text          0x00000000        0x0 ..\obj\stm32f4xx_exti.o
 .data          0x00000000        0x0 ..\obj\stm32f4xx_exti.o
 .bss           0x00000000        0x0 ..\obj\stm32f4xx_exti.o
 .text.EXTI_DeInit
                0x00000000       0x34 ..\obj\stm32f4xx_exti.o
 .text.EXTI_StructInit
                0x00000000       0x2c ..\obj\stm32f4xx_exti.o
 .text.EXTI_GenerateSWInterrupt
                0x00000000       0x24 ..\obj\stm32f4xx_exti.o
 .text.EXTI_GetFlagStatus
                0x00000000       0x34 ..\obj\stm32f4xx_exti.o
 .text.EXTI_ClearFlag
                0x00000000       0x1c ..\obj\stm32f4xx_exti.o
 .text          0x00000000        0x0 ..\obj\misc.o
 .data          0x00000000        0x0 ..\obj\misc.o
 .bss           0x00000000        0x0 ..\obj\misc.o
 .text.NVIC_PriorityGroupConfig
                0x00000000       0x24 ..\obj\misc.o
 .text.NVIC_SetVectorTable
                0x00000000       0x2c ..\obj\misc.o
 .text.NVIC_SystemLPConfig
                0x00000000       0x40 ..\obj\misc.o
 .text.SysTick_CLKSourceConfig
                0x00000000       0x38 ..\obj\misc.o
 .text          0x00000000        0x0 ..\obj\stm32f4xx_tim.o
 .data          0x00000000        0x0 ..\obj\stm32f4xx_tim.o
 .bss           0x00000000        0x0 ..\obj\stm32f4xx_tim.o
 .text.TIM_DeInit
                0x00000000      0x1bc ..\obj\stm32f4xx_tim.o
 .text.TIM_PrescalerConfig
                0x00000000       0x28 ..\obj\stm32f4xx_tim.o
 .text.TIM_CounterModeConfig
                0x00000000       0x38 ..\obj\stm32f4xx_tim.o
 .text.TIM_SetCounter
                0x00000000       0x1c ..\obj\stm32f4xx_tim.o
 .text.TIM_SetAutoreload
                0x00000000       0x1c ..\obj\stm32f4xx_tim.o
 .text.TIM_GetPrescaler
                0x00000000       0x1c ..\obj\stm32f4xx_tim.o
 .text.TIM_UpdateDisableConfig
                0x00000000       0x40 ..\obj\stm32f4xx_tim.o
 .text.TIM_UpdateRequestConfig
                0x00000000       0x40 ..\obj\stm32f4xx_tim.o
 .text.TIM_SelectOnePulseMode
                0x00000000       0x38 ..\obj\stm32f4xx_tim.o
 .text.TIM_SetClockDivision
                0x00000000       0x38 ..\obj\stm32f4xx_tim.o
 .text.TIM_OCStructInit
                0x00000000       0x44 ..\obj\stm32f4xx_tim.o
 .text.TIM_SelectOCxM
                0x00000000       0xb0 ..\obj\stm32f4xx_tim.o
 .text.TIM_SetCompare1
                0x00000000       0x1c ..\obj\stm32f4xx_tim.o
 .text.TIM_SetCompare2
                0x00000000       0x1c ..\obj\stm32f4xx_tim.o
 .text.TIM_SetCompare3
                0x00000000       0x1c ..\obj\stm32f4xx_tim.o
 .text.TIM_SetCompare4
                0x00000000       0x1c ..\obj\stm32f4xx_tim.o
 .text.TIM_ForcedOC1Config
                0x00000000       0x38 ..\obj\stm32f4xx_tim.o
 .text.TIM_ForcedOC2Config
                0x00000000       0x3c ..\obj\stm32f4xx_tim.o
 .text.TIM_ForcedOC3Config
                0x00000000       0x38 ..\obj\stm32f4xx_tim.o
 .text.TIM_ForcedOC4Config
                0x00000000       0x3c ..\obj\stm32f4xx_tim.o
 .text.TIM_OC1FastConfig
                0x00000000       0x38 ..\obj\stm32f4xx_tim.o
 .text.TIM_OC2FastConfig
                0x00000000       0x3c ..\obj\stm32f4xx_tim.o
 .text.TIM_OC3FastConfig
                0x00000000       0x38 ..\obj\stm32f4xx_tim.o
 .text.TIM_OC4FastConfig
                0x00000000       0x3c ..\obj\stm32f4xx_tim.o
 .text.TIM_ClearOC1Ref
                0x00000000       0x38 ..\obj\stm32f4xx_tim.o
 .text.TIM_ClearOC2Ref
                0x00000000       0x3c ..\obj\stm32f4xx_tim.o
 .text.TIM_ClearOC3Ref
                0x00000000       0x38 ..\obj\stm32f4xx_tim.o
 .text.TIM_ClearOC4Ref
                0x00000000       0x3c ..\obj\stm32f4xx_tim.o
 .text.TIM_OC1PolarityConfig
                0x00000000       0x38 ..\obj\stm32f4xx_tim.o
 .text.TIM_OC1NPolarityConfig
                0x00000000       0x38 ..\obj\stm32f4xx_tim.o
 .text.TIM_OC2PolarityConfig
                0x00000000       0x3c ..\obj\stm32f4xx_tim.o
 .text.TIM_OC2NPolarityConfig
                0x00000000       0x3c ..\obj\stm32f4xx_tim.o
 .text.TIM_OC3PolarityConfig
                0x00000000       0x3c ..\obj\stm32f4xx_tim.o
 .text.TIM_OC3NPolarityConfig
                0x00000000       0x3c ..\obj\stm32f4xx_tim.o
 .text.TIM_OC4PolarityConfig
                0x00000000       0x3c ..\obj\stm32f4xx_tim.o
 .text.TIM_CCxCmd
                0x00000000       0x54 ..\obj\stm32f4xx_tim.o
 .text.TIM_CCxNCmd
                0x00000000       0x54 ..\obj\stm32f4xx_tim.o
 .text.TIM_ICInit
                0x00000000       0xa8 ..\obj\stm32f4xx_tim.o
 .text.TIM_ICStructInit
                0x00000000       0x30 ..\obj\stm32f4xx_tim.o
 .text.TIM_PWMIConfig
                0x00000000       0xb8 ..\obj\stm32f4xx_tim.o
 .text.TIM_GetCapture1
                0x00000000       0x18 ..\obj\stm32f4xx_tim.o
 .text.TIM_GetCapture2
                0x00000000       0x18 ..\obj\stm32f4xx_tim.o
 .text.TIM_GetCapture3
                0x00000000       0x18 ..\obj\stm32f4xx_tim.o
 .text.TIM_GetCapture4
                0x00000000       0x18 ..\obj\stm32f4xx_tim.o
 .text.TIM_SetIC1Prescaler
                0x00000000       0x38 ..\obj\stm32f4xx_tim.o
 .text.TIM_SetIC2Prescaler
                0x00000000       0x3c ..\obj\stm32f4xx_tim.o
 .text.TIM_SetIC3Prescaler
                0x00000000       0x38 ..\obj\stm32f4xx_tim.o
 .text.TIM_SetIC4Prescaler
                0x00000000       0x3c ..\obj\stm32f4xx_tim.o
 .text.TIM_BDTRConfig
                0x00000000       0x50 ..\obj\stm32f4xx_tim.o
 .text.TIM_BDTRStructInit
                0x00000000       0x3c ..\obj\stm32f4xx_tim.o
 .text.TIM_CtrlPWMOutputs
                0x00000000       0x4c ..\obj\stm32f4xx_tim.o
 .text.TIM_SelectCOM
                0x00000000       0x40 ..\obj\stm32f4xx_tim.o
 .text.TIM_CCPreloadControl
                0x00000000       0x40 ..\obj\stm32f4xx_tim.o
 .text.TIM_ITConfig
                0x00000000       0x48 ..\obj\stm32f4xx_tim.o
 .text.TIM_GenerateEvent
                0x00000000       0x1c ..\obj\stm32f4xx_tim.o
 .text.TIM_GetFlagStatus
                0x00000000       0x38 ..\obj\stm32f4xx_tim.o
 .text.TIM_ClearFlag
                0x00000000       0x20 ..\obj\stm32f4xx_tim.o
 .text.TIM_GetITStatus
                0x00000000       0x54 ..\obj\stm32f4xx_tim.o
 .text.TIM_ClearITPendingBit
                0x00000000       0x20 ..\obj\stm32f4xx_tim.o
 .text.TIM_DMAConfig
                0x00000000       0x28 ..\obj\stm32f4xx_tim.o
 .text.TIM_DMACmd
                0x00000000       0x48 ..\obj\stm32f4xx_tim.o
 .text.TIM_SelectCCDMA
                0x00000000       0x40 ..\obj\stm32f4xx_tim.o
 .text.TIM_InternalClockConfig
                0x00000000       0x24 ..\obj\stm32f4xx_tim.o
 .text.TIM_ITRxExternalClockConfig
                0x00000000       0x2c ..\obj\stm32f4xx_tim.o
 .text.TIM_TIxExternalClockConfig
                0x00000000       0x60 ..\obj\stm32f4xx_tim.o
 .text.TIM_ETRClockMode1Config
                0x00000000       0x5c ..\obj\stm32f4xx_tim.o
 .text.TIM_ETRClockMode2Config
                0x00000000       0x3c ..\obj\stm32f4xx_tim.o
 .text.TIM_SelectInputTrigger
                0x00000000       0x38 ..\obj\stm32f4xx_tim.o
 .text.TIM_SelectOutputTrigger
                0x00000000       0x38 ..\obj\stm32f4xx_tim.o
 .text.TIM_SelectSlaveMode
                0x00000000       0x38 ..\obj\stm32f4xx_tim.o
 .text.TIM_SelectMasterSlaveMode
                0x00000000       0x38 ..\obj\stm32f4xx_tim.o
 .text.TIM_ETRConfig
                0x00000000       0x54 ..\obj\stm32f4xx_tim.o
 .text.TIM_EncoderInterfaceConfig
                0x00000000       0x98 ..\obj\stm32f4xx_tim.o
 .text.TIM_SelectHallSensor
                0x00000000       0x40 ..\obj\stm32f4xx_tim.o
 .text.TIM_RemapConfig
                0x00000000       0x20 ..\obj\stm32f4xx_tim.o
 .text.TI1_Config
                0x00000000       0x84 ..\obj\stm32f4xx_tim.o
 .text.TI2_Config
                0x00000000       0x98 ..\obj\stm32f4xx_tim.o
 .text.TI3_Config
                0x00000000       0x90 ..\obj\stm32f4xx_tim.o
 .text.TI4_Config
                0x00000000       0x9c ..\obj\stm32f4xx_tim.o

Memory Configuration

Name             Origin             Length             Attributes
rom              0x08000000         0x00100000         xr
ram              0x20000000         0x00020000         xrw
ram1             0x10000000         0x00010000         xrw
*default*        0x00000000         0xffffffff

Linker script and memory map

                0x20020000                _eram = 0x20020000

.text           0x08000000     0x1cdc
 *(.isr_vector)
 .isr_vector    0x08000000      0x188 ..\obj\startup_stm32f4xx.o
                0x08000000                g_pfnVectors
 *(.text*)
 .text.SH_SendChar
                0x08000188       0x68 ..\obj\semihosting.o
                0x08000188                SH_SendChar
 .text.SYSCFG_EXTILineConfig
                0x080001f0       0x84 ..\obj\stm32f4xx_syscfg.o
                0x080001f0                SYSCFG_EXTILineConfig
 .text.Default_Reset_Handler
                0x08000274       0x6c ..\obj\startup_stm32f4xx.o
                0x08000274                Default_Reset_Handler
                0x08000274                Reset_Handler
 .text.Default_Handler
                0x080002e0        0x8 ..\obj\startup_stm32f4xx.o
                0x080002e0                RTC_Alarm_IRQHandler
                0x080002e0                HASH_RNG_IRQHandler
                0x080002e0                EXTI2_IRQHandler
                0x080002e0                TIM8_CC_IRQHandler
                0x080002e0                DebugMon_Handler
                0x080002e0                TIM1_CC_IRQHandler
                0x080002e0                DMA2_Stream5_IRQHandler
                0x080002e0                DMA1_Stream5_IRQHandler
                0x080002e0                SysTick_Handler
                0x080002e0                PVD_IRQHandler
                0x080002e0                SDIO_IRQHandler
                0x080002e0                TAMP_STAMP_IRQHandler
                0x080002e0                PendSV_Handler
                0x080002e0                NMI_Handler
                0x080002e0                CAN2_RX1_IRQHandler
                0x080002e0                EXTI3_IRQHandler
                0x080002e0                TIM8_TRG_COM_TIM14_IRQHandler
                0x080002e0                TIM1_UP_TIM10_IRQHandler
                0x080002e0                TIM8_UP_TIM13_IRQHandler
                0x080002e0                I2C3_ER_IRQHandler
                0x080002e0                I2C2_EV_IRQHandler
                0x080002e0                DMA1_Stream2_IRQHandler
                0x080002e0                CAN1_RX0_IRQHandler
                0x080002e0                FPU_IRQHandler
                0x080002e0                OTG_HS_WKUP_IRQHandler
                0x080002e0                UsageFault_Handler
                0x080002e0                CAN2_SCE_IRQHandler
                0x080002e0                DMA2_Stream2_IRQHandler
                0x080002e0                SPI1_IRQHandler
                0x080002e0                TIM6_DAC_IRQHandler
                0x080002e0                TIM1_BRK_TIM9_IRQHandler
                0x080002e0                DCMI_IRQHandler
                0x080002e0                CAN2_RX0_IRQHandler
                0x080002e0                DMA2_Stream3_IRQHandler
                0x080002e0                USART6_IRQHandler
                0x080002e0                USART3_IRQHandler
                0x080002e0                CRYP_IRQHandler
                0x080002e0                CAN1_RX1_IRQHandler
                0x080002e0                UART5_IRQHandler
                0x080002e0                DMA2_Stream0_IRQHandler
                0x080002e0                TIM4_IRQHandler
                0x080002e0                I2C1_EV_IRQHandler
                0x080002e0                DMA1_Stream6_IRQHandler
                0x080002e0                DMA1_Stream1_IRQHandler
                0x080002e0                UART4_IRQHandler
                0x080002e0                TIM3_IRQHandler
                0x080002e0                RCC_IRQHandler
                0x080002e0                TIM8_BRK_TIM12_IRQHandler
                0x080002e0                ADC_IRQHandler
                0x080002e0                DMA1_Stream7_IRQHandler
                0x080002e0                TIM7_IRQHandler
                0x080002e0                CAN2_TX_IRQHandler
                0x080002e0                TIM5_IRQHandler
                0x080002e0                DMA2_Stream7_IRQHandler
                0x080002e0                I2C3_EV_IRQHandler
                0x080002e0                EXTI9_5_IRQHandler
                0x080002e0                RTC_WKUP_IRQHandler
                0x080002e0                ETH_WKUP_IRQHandler
                0x080002e0                SPI2_IRQHandler
                0x080002e0                OTG_HS_EP1_IN_IRQHandler
                0x080002e0                MemManage_Handler
                0x080002e0                DMA1_Stream0_IRQHandler
                0x080002e0                CAN1_TX_IRQHandler
                0x080002e0                SVC_Handler
                0x080002e0                EXTI4_IRQHandler
                0x080002e0                FSMC_IRQHandler
                0x080002e0                ETH_IRQHandler
                0x080002e0                OTG_HS_EP1_OUT_IRQHandler
                0x080002e0                WWDG_IRQHandler
                0x080002e0                TIM2_IRQHandler
                0x080002e0                OTG_FS_WKUP_IRQHandler
                0x080002e0                TIM1_TRG_COM_TIM11_IRQHandler
                0x080002e0                OTG_HS_IRQHandler
                0x080002e0                EXTI1_IRQHandler
                0x080002e0                USART2_IRQHandler
                0x080002e0                I2C2_ER_IRQHandler
                0x080002e0                DMA2_Stream1_IRQHandler
                0x080002e0                CAN1_SCE_IRQHandler
                0x080002e0                FLASH_IRQHandler
                0x080002e0                DMA2_Stream4_IRQHandler
                0x080002e0                BusFault_Handler
                0x080002e0                USART1_IRQHandler
                0x080002e0                OTG_FS_IRQHandler
                0x080002e0                SPI3_IRQHandler
                0x080002e0                DMA1_Stream4_IRQHandler
                0x080002e0                I2C1_ER_IRQHandler
                0x080002e0                DMA2_Stream6_IRQHandler
                0x080002e0                DMA1_Stream3_IRQHandler
 .text.init_LED
                0x080002e8       0x38 ..\obj\main.o
                0x080002e8                init_LED
 .text.init_Button
                0x08000320       0x38 ..\obj\main.o
                0x08000320                init_Button
 .text.TIM_Config_ESC
                0x08000358       0x88 ..\obj\main.o
                0x08000358                TIM_Config_ESC
 .text.PWM_Config_ESC
                0x080003e0       0xd4 ..\obj\main.o
                0x080003e0                PWM_Config_ESC
 .text.PWM_SetDC
                0x080004b4       0x50 ..\obj\main.o
                0x080004b4                PWM_SetDC
 .text.Configure_PD0
                0x08000504       0x7c ..\obj\main.o
                0x08000504                Configure_PD0
 .text.Configure_PB12
                0x08000580       0x80 ..\obj\main.o
                0x08000580                Configure_PB12
 .text.EXTI0_IRQHandler
                0x08000600       0xbc ..\obj\main.o
                0x08000600                EXTI0_IRQHandler
 .text.EXTI15_10_IRQHandler
                0x080006bc       0x1c ..\obj\main.o
                0x080006bc                EXTI15_10_IRQHandler
 .text.initTimers
                0x080006d8       0x5c ..\obj\main.o
                0x080006d8                initTimers
 .text.main     0x08000734      0x120 ..\obj\main.o
                0x08000734                main
 .text.RCC_AHB1PeriphClockCmd
                0x08000854       0x3c ..\obj\stm32f4xx_rcc.o
                0x08000854                RCC_AHB1PeriphClockCmd
 .text.RCC_APB1PeriphClockCmd
                0x08000890       0x3c ..\obj\stm32f4xx_rcc.o
                0x08000890                RCC_APB1PeriphClockCmd
 .text.RCC_APB2PeriphClockCmd
                0x080008cc       0x3c ..\obj\stm32f4xx_rcc.o
                0x080008cc                RCC_APB2PeriphClockCmd
 .text.PrintChar
                0x08000908       0x18 ..\obj\printf.o
                0x08000908                PrintChar
 .text.PutChar  0x08000920       0x20 ..\obj\printf.o
                0x08000920                PutChar
 .text.PutString
                0x08000940       0x3c ..\obj\printf.o
                0x08000940                PutString
 .text.PutUnsignedInt
                0x0800097c       0xa0 ..\obj\printf.o
                0x0800097c                PutUnsignedInt
 .text.PutSignedInt
                0x08000a1c      0x104 ..\obj\printf.o
                0x08000a1c                PutSignedInt
 .text.PutHexa  0x08000b20       0xd8 ..\obj\printf.o
                0x08000b20                PutHexa
 .text.vsnprintf
                0x08000bf8      0x25c ..\obj\printf.o
                0x08000bf8                vsnprintf
 .text.vsprintf
                0x08000e54       0x24 ..\obj\printf.o
                0x08000e54                vsprintf
 .text.vfprintf
                0x08000e78       0x68 ..\obj\printf.o
                0x08000e78                vfprintf
 .text.vprintf  0x08000ee0       0x28 ..\obj\printf.o
                0x08000ee0                vprintf
 .text.printf   0x08000f08       0x28 ..\obj\printf.o
                0x08000f08                printf
 .text.puts     0x08000f30       0x24 ..\obj\printf.o
                0x08000f30                puts
 .text.fputc    0x08000f54       0x40 ..\obj\printf.o
                0x08000f54                fputc
 .text.fputs    0x08000f94       0x48 ..\obj\printf.o
                0x08000f94                fputs
 .text.GPIO_Init
                0x08000fdc      0x11c ..\obj\stm32f4xx_gpio.o
                0x08000fdc                GPIO_Init
 .text.GPIO_ReadInputDataBit
                0x080010f8       0x34 ..\obj\stm32f4xx_gpio.o
                0x080010f8                GPIO_ReadInputDataBit
 .text.GPIO_SetBits
                0x0800112c       0x1c ..\obj\stm32f4xx_gpio.o
                0x0800112c                GPIO_SetBits
 .text.GPIO_ResetBits
                0x08001148       0x1c ..\obj\stm32f4xx_gpio.o
                0x08001148                GPIO_ResetBits
 .text.GPIO_PinAFConfig
                0x08001164       0x90 ..\obj\stm32f4xx_gpio.o
                0x08001164                GPIO_PinAFConfig
 .text          0x080011f4       0x28 ..\obj\sh_cmd.o
                0x080011f4                SH_DoCommand
                0x08001206                HardFault_Handler
 .text.SystemInit
                0x0800121c       0x68 ..\obj\system_stm32f4xx.o
                0x0800121c                SystemInit
 .text.SetSysClock
                0x08001284       0xf4 ..\obj\system_stm32f4xx.o
 .text.EXTI_Init
                0x08001378       0xe4 ..\obj\stm32f4xx_exti.o
                0x08001378                EXTI_Init
 .text.EXTI_GetITStatus
                0x0800145c       0x48 ..\obj\stm32f4xx_exti.o
                0x0800145c                EXTI_GetITStatus
 .text.EXTI_ClearITPendingBit
                0x080014a4       0x1c ..\obj\stm32f4xx_exti.o
                0x080014a4                EXTI_ClearITPendingBit
 .text.NVIC_Init
                0x080014c0       0xc0 ..\obj\misc.o
                0x080014c0                NVIC_Init
 .text.TIM_TimeBaseInit
                0x08001580       0xd4 ..\obj\stm32f4xx_tim.o
                0x08001580                TIM_TimeBaseInit
 .text.TIM_TimeBaseStructInit
                0x08001654       0x34 ..\obj\stm32f4xx_tim.o
                0x08001654                TIM_TimeBaseStructInit
 .text.TIM_GetCounter
                0x08001688       0x18 ..\obj\stm32f4xx_tim.o
                0x08001688                TIM_GetCounter
 .text.TIM_ARRPreloadConfig
                0x080016a0       0x40 ..\obj\stm32f4xx_tim.o
                0x080016a0                TIM_ARRPreloadConfig
 .text.TIM_Cmd  0x080016e0       0x40 ..\obj\stm32f4xx_tim.o
                0x080016e0                TIM_Cmd
 .text.TIM_OC1Init
                0x08001720       0xf4 ..\obj\stm32f4xx_tim.o
                0x08001720                TIM_OC1Init
 .text.TIM_OC2Init
                0x08001814      0x110 ..\obj\stm32f4xx_tim.o
                0x08001814                TIM_OC2Init
 .text.TIM_OC3Init
                0x08001924      0x10c ..\obj\stm32f4xx_tim.o
                0x08001924                TIM_OC3Init
 .text.TIM_OC4Init
                0x08001a30       0xcc ..\obj\stm32f4xx_tim.o
                0x08001a30                TIM_OC4Init
 .text.TIM_OC1PreloadConfig
                0x08001afc       0x38 ..\obj\stm32f4xx_tim.o
                0x08001afc                TIM_OC1PreloadConfig
 .text.TIM_OC2PreloadConfig
                0x08001b34       0x3c ..\obj\stm32f4xx_tim.o
                0x08001b34                TIM_OC2PreloadConfig
 .text.TIM_OC3PreloadConfig
                0x08001b70       0x38 ..\obj\stm32f4xx_tim.o
                0x08001b70                TIM_OC3PreloadConfig
 .text.TIM_OC4PreloadConfig
                0x08001ba8       0x3c ..\obj\stm32f4xx_tim.o
                0x08001ba8                TIM_OC4PreloadConfig
 *(.init)
 *(.fini)
 *crtbegin.o(.ctors)
 *crtbegin?.o(.ctors)
 *(EXCLUDE_FILE(*crtend.o *crtend?.o) .ctors)
 *(SORT(.ctors.*))
 *(.ctors)
 *crtbegin.o(.dtors)
 *crtbegin?.o(.dtors)
 *(EXCLUDE_FILE(*crtend.o *crtend?.o) .dtors)
 *(SORT(.dtors.*))
 *(.dtors)
 *(.rodata*)
 .rodata        0x08001be4       0xd4 ..\obj\main.o
 .rodata        0x08001cb8       0x24 ..\obj\printf.o
 *(.eh_fram e*)

.glue_7         0x08001cdc        0x0
 .glue_7        0x00000000        0x0 linker stubs

.glue_7t        0x08001cdc        0x0
 .glue_7t       0x00000000        0x0 linker stubs

.vfp11_veneer   0x08001cdc        0x0
 .vfp11_veneer  0x00000000        0x0 linker stubs

.v4_bx          0x08001cdc        0x0
 .v4_bx         0x00000000        0x0 linker stubs

.iplt           0x08001cdc        0x0
 .iplt          0x00000000        0x0 ..\obj\semihosting.o

.rel.dyn        0x08001cdc        0x0
 .rel.iplt      0x00000000        0x0 ..\obj\semihosting.o

.ARM.extab
 *(.ARM.extab* .gnu.linkonce.armextab.*)
                0x08001cdc                __exidx_start = .

.ARM.exidx
 *(.ARM.exidx* .gnu.linkonce.armexidx.*)
                0x08001cdc                __exidx_end = .
                0x08001cdc                __etext = .
                0x08001cdc                _sidata = __etext

.data           0x20000000      0x444 load address 0x08001cdc
                0x20000000                __data_start__ = .
                0x20000000                _sdata = __data_start__
 *(vtable)
 *(.data*)
 .data          0x20000000      0x430 ..\obj\printf.o
                0x20000000                r
                0x20000428                _impure_ptr
 .data          0x20000430       0x14 ..\obj\system_stm32f4xx.o
                0x20000430                SystemCoreClock
                0x20000434                AHBPrescTable
                0x20000444                . = ALIGN (0x4)
                0x20000444                PROVIDE (__preinit_array_start, .)
 *(.preinit_array)
                0x20000444                PROVIDE (__preinit_array_end, .)
                0x20000444                . = ALIGN (0x4)
                0x20000444                PROVIDE (__init_array_start, .)
 *(SORT(.init_array.*))
 *(.init_array)
                0x20000444                PROVIDE (__init_array_end, .)
                0x20000444                . = ALIGN (0x4)
                0x20000444                PROVIDE (__fini_array_start, .)
 *(SORT(.fini_array.*))
 *(.fini_array)
                0x20000444                PROVIDE (__fini_array_end, .)
 *(.jcr*)
                0x20000444                . = ALIGN (0x4)
                0x20000444                __data_end__ = .
                0x20000444                _edata = __data_end__

.igot.plt       0x20000444        0x0 load address 0x08002120
 .igot.plt      0x00000000        0x0 ..\obj\semihosting.o

.bss            0x20000444       0x2c load address 0x08002120
                0x20000444                . = ALIGN (0x4)
                0x20000444                __bss_start__ = .
                0x20000444                _sbss = __bss_start__
 *(.bss*)
 .bss           0x20000444       0x14 ..\obj\semihosting.o
 .bss           0x20000458        0xc ..\obj\main.o
                0x20000458                capture1
                0x2000045c                capture2
                0x20000460                capture_ready
 *(COMMON)
 COMMON         0x20000464        0xc ..\obj\main.o
                0x20000464                inpwm
                0x20000470                . = ALIGN (0x4)
                0x20000470                __bss_end__ = .
                0x20000470                _ebss = __bss_end__

.heap           0x20000470        0x0
                0x20000470                __end__ = .
                0x20000470                _end = __end__
                0x20000470                end = __end__
 *(.heap*)
                0x20000470                __HeapLimit = .

.co_stack       0x20000470      0x800 load address 0x0800214c
                0x20000470                . = ALIGN (0x8)
 *(.co_stack .co_stack.*)
 .co_stack      0x20000470      0x800 ..\obj\startup_stm32f4xx.o
                0x20000470                pulStack
                0x20020000                __StackTop = (ORIGIN (ram) + 0x20000)
                0x2001f800                __StackLimit = (__StackTop - SIZEOF (.co_stack))
                0x20020000                PROVIDE (__stack, __StackTop)
                0x00000001                ASSERT ((__StackLimit >= __HeapLimit), region ram  overflowed with stack)
LOAD ..\obj\semihosting.o
LOAD ..\obj\stm32f4xx_syscfg.o
LOAD ..\obj\startup_stm32f4xx.o
LOAD ..\obj\main.o
LOAD ..\obj\stm32f4xx_rcc.o
LOAD ..\obj\printf.o
LOAD ..\obj\stm32f4xx_gpio.o
LOAD ..\obj\sh_cmd.o
LOAD ..\obj\system_stm32f4xx.o
LOAD ..\obj\syscalls.o
LOAD ..\obj\stm32f4xx_i2c.o
LOAD ..\obj\stm32f4xx_exti.o
LOAD ..\obj\misc.o
LOAD ..\obj\stm32f4xx_tim.o
START GROUP
LOAD c:/program files (x86)/gnu tools arm embedded/4.9 2015q1/bin/../lib/gcc/arm-none-eabi/4.9.3/armv7e-m/fpu\libgcc.a
LOAD c:/program files (x86)/gnu tools arm embedded/4.9 2015q1/bin/../lib/gcc/arm-none-eabi/4.9.3/../../../../arm-none-eabi/lib/armv7e-m/fpu\libg.a
LOAD c:/program files (x86)/gnu tools arm embedded/4.9 2015q1/bin/../lib/gcc/arm-none-eabi/4.9.3/../../../../arm-none-eabi/lib/armv7e-m/fpu\libc.a
END GROUP
OUTPUT(Blinker2.elf elf32-littlearm)

.debug_info     0x00000000     0x5f36
 .debug_info    0x00000000      0x12b ..\obj\semihosting.o
 .debug_info    0x0000012b      0x26c ..\obj\stm32f4xx_syscfg.o
 .debug_info    0x00000397       0xed ..\obj\startup_stm32f4xx.o
 .debug_info    0x00000484      0xf1e ..\obj\main.o
 .debug_info    0x000013a2      0xc4d ..\obj\stm32f4xx_rcc.o
 .debug_info    0x00001fef      0xe38 ..\obj\printf.o
 .debug_info    0x00002e27      0x602 ..\obj\stm32f4xx_gpio.o
 .debug_info    0x00003429       0x96 ..\obj\sh_cmd.o
 .debug_info    0x000034bf      0x592 ..\obj\system_stm32f4xx.o
 .debug_info    0x00003a51      0x347 ..\obj\stm32f4xx_exti.o
 .debug_info    0x00003d98      0x53d ..\obj\misc.o
 .debug_info    0x000042d5     0x1c61 ..\obj\stm32f4xx_tim.o

.debug_abbrev   0x00000000     0x108e
 .debug_abbrev  0x00000000       0xab ..\obj\semihosting.o
 .debug_abbrev  0x000000ab      0x131 ..\obj\stm32f4xx_syscfg.o
 .debug_abbrev  0x000001dc       0xb0 ..\obj\startup_stm32f4xx.o
 .debug_abbrev  0x0000028c      0x243 ..\obj\main.o
 .debug_abbrev  0x000004cf      0x1e3 ..\obj\stm32f4xx_rcc.o
 .debug_abbrev  0x000006b2      0x27e ..\obj\printf.o
 .debug_abbrev  0x00000930      0x1a3 ..\obj\stm32f4xx_gpio.o
 .debug_abbrev  0x00000ad3       0x14 ..\obj\sh_cmd.o
 .debug_abbrev  0x00000ae7      0x136 ..\obj\system_stm32f4xx.o
 .debug_abbrev  0x00000c1d      0x1a5 ..\obj\stm32f4xx_exti.o
 .debug_abbrev  0x00000dc2      0x145 ..\obj\misc.o
 .debug_abbrev  0x00000f07      0x187 ..\obj\stm32f4xx_tim.o

.debug_aranges  0x00000000      0x7f8
 .debug_aranges
                0x00000000       0x30 ..\obj\semihosting.o
 .debug_aranges
                0x00000030       0x48 ..\obj\stm32f4xx_syscfg.o
 .debug_aranges
                0x00000078       0x28 ..\obj\startup_stm32f4xx.o
 .debug_aranges
                0x000000a0       0xd8 ..\obj\main.o
 .debug_aranges
                0x00000178      0x178 ..\obj\stm32f4xx_rcc.o
 .debug_aranges
                0x000002f0       0xa0 ..\obj\printf.o
 .debug_aranges
                0x00000390       0x88 ..\obj\stm32f4xx_gpio.o
 .debug_aranges
                0x00000418       0x20 ..\obj\sh_cmd.o
 .debug_aranges
                0x00000438       0x30 ..\obj\system_stm32f4xx.o
 .debug_aranges
                0x00000468       0x58 ..\obj\stm32f4xx_exti.o
 .debug_aranges
                0x000004c0       0x40 ..\obj\misc.o
 .debug_aranges
                0x00000500      0x2f8 ..\obj\stm32f4xx_tim.o

.debug_ranges   0x00000000      0x728
 .debug_ranges  0x00000000       0x20 ..\obj\semihosting.o
 .debug_ranges  0x00000020       0x38 ..\obj\stm32f4xx_syscfg.o
 .debug_ranges  0x00000058       0x18 ..\obj\startup_stm32f4xx.o
 .debug_ranges  0x00000070       0xc8 ..\obj\main.o
 .debug_ranges  0x00000138      0x168 ..\obj\stm32f4xx_rcc.o
 .debug_ranges  0x000002a0       0x90 ..\obj\printf.o
 .debug_ranges  0x00000330       0x78 ..\obj\stm32f4xx_gpio.o
 .debug_ranges  0x000003a8       0x20 ..\obj\system_stm32f4xx.o
 .debug_ranges  0x000003c8       0x48 ..\obj\stm32f4xx_exti.o
 .debug_ranges  0x00000410       0x30 ..\obj\misc.o
 .debug_ranges  0x00000440      0x2e8 ..\obj\stm32f4xx_tim.o

.debug_line     0x00000000     0x2710
 .debug_line    0x00000000       0xab ..\obj\semihosting.o
 .debug_line    0x000000ab      0x217 ..\obj\stm32f4xx_syscfg.o
 .debug_line    0x000002c2       0x9e ..\obj\startup_stm32f4xx.o
 .debug_line    0x00000360      0x5ac ..\obj\main.o
 .debug_line    0x0000090c      0x59c ..\obj\stm32f4xx_rcc.o
 .debug_line    0x00000ea8      0x374 ..\obj\printf.o
 .debug_line    0x0000121c      0x33e ..\obj\stm32f4xx_gpio.o
 .debug_line    0x0000155a       0x7d ..\obj\sh_cmd.o
 .debug_line    0x000015d7      0x1f4 ..\obj\system_stm32f4xx.o
 .debug_line    0x000017cb      0x2a0 ..\obj\stm32f4xx_exti.o
 .debug_line    0x00001a6b      0x240 ..\obj\misc.o
 .debug_line    0x00001cab      0xa65 ..\obj\stm32f4xx_tim.o

.debug_str      0x00000000     0x2a8e
 .debug_str     0x00000000      0x16f ..\obj\semihosting.o
                                0x1a8 (size before relaxing)
 .debug_str     0x0000016f      0x1bc ..\obj\stm32f4xx_syscfg.o
                                0x312 (size before relaxing)
 .debug_str     0x0000032b       0xab ..\obj\startup_stm32f4xx.o
                                0x165 (size before relaxing)
 .debug_str     0x000003d6      0xd08 ..\obj\main.o
                                0xebb (size before relaxing)
 .debug_str     0x000010de      0x637 ..\obj\stm32f4xx_rcc.o
                                0x86e (size before relaxing)
 .debug_str     0x00001715      0x4b6 ..\obj\printf.o
                                0x67b (size before relaxing)
 .debug_str     0x00001bcb      0x183 ..\obj\stm32f4xx_gpio.o
                                0x4c1 (size before relaxing)
 .debug_str     0x00001d4e      0x103 ..\obj\system_stm32f4xx.o
                                0x3c8 (size before relaxing)
 .debug_str     0x00001e51       0xf8 ..\obj\stm32f4xx_exti.o
                                0x377 (size before relaxing)
 .debug_str     0x00001f49      0x14c ..\obj\misc.o
                                0x3ec (size before relaxing)
 .debug_str     0x00002095      0x9f9 ..\obj\stm32f4xx_tim.o
                                0xdee (size before relaxing)

.comment        0x00000000       0x70
 .comment       0x00000000       0x70 ..\obj\semihosting.o
                                 0x71 (size before relaxing)
 .comment       0x00000000       0x71 ..\obj\stm32f4xx_syscfg.o
 .comment       0x00000000       0x71 ..\obj\startup_stm32f4xx.o
 .comment       0x00000000       0x71 ..\obj\main.o
 .comment       0x00000000       0x71 ..\obj\stm32f4xx_rcc.o
 .comment       0x00000000       0x71 ..\obj\printf.o
 .comment       0x00000000       0x71 ..\obj\stm32f4xx_gpio.o
 .comment       0x00000000       0x71 ..\obj\system_stm32f4xx.o
 .comment       0x00000000       0x71 ..\obj\stm32f4xx_exti.o
 .comment       0x00000000       0x71 ..\obj\misc.o
 .comment       0x00000000       0x71 ..\obj\stm32f4xx_tim.o

.ARM.attributes
                0x00000000       0x37
 .ARM.attributes
                0x00000000       0x39 ..\obj\semihosting.o
 .ARM.attributes
                0x00000039       0x39 ..\obj\stm32f4xx_syscfg.o
 .ARM.attributes
                0x00000072       0x39 ..\obj\startup_stm32f4xx.o
 .ARM.attributes
                0x000000ab       0x39 ..\obj\main.o
 .ARM.attributes
                0x000000e4       0x39 ..\obj\stm32f4xx_rcc.o
 .ARM.attributes
                0x0000011d       0x39 ..\obj\printf.o
 .ARM.attributes
                0x00000156       0x39 ..\obj\stm32f4xx_gpio.o
 .ARM.attributes
                0x0000018f       0x25 ..\obj\sh_cmd.o
 .ARM.attributes
                0x000001b4       0x39 ..\obj\system_stm32f4xx.o
 .ARM.attributes
                0x000001ed       0x39 ..\obj\stm32f4xx_exti.o
 .ARM.attributes
                0x00000226       0x39 ..\obj\misc.o
 .ARM.attributes
                0x0000025f       0x39 ..\obj\stm32f4xx_tim.o

.debug_frame    0x00000000     0x21f0
 .debug_frame   0x00000000       0x7c ..\obj\semihosting.o
 .debug_frame   0x0000007c       0xf4 ..\obj\stm32f4xx_syscfg.o
 .debug_frame   0x00000170       0x4c ..\obj\startup_stm32f4xx.o
 .debug_frame   0x000001bc      0x358 ..\obj\main.o
 .debug_frame   0x00000514      0x6d4 ..\obj\stm32f4xx_rcc.o
 .debug_frame   0x00000be8      0x2dc ..\obj\printf.o
 .debug_frame   0x00000ec4      0x23c ..\obj\stm32f4xx_gpio.o
 .debug_frame   0x00001100       0x7c ..\obj\system_stm32f4xx.o
 .debug_frame   0x0000117c      0x148 ..\obj\stm32f4xx_exti.o
 .debug_frame   0x000012c4       0xd8 ..\obj\misc.o
 .debug_frame   0x0000139c      0xe54 ..\obj\stm32f4xx_tim.o
