Archive member included because of file (symbol)

c:/program files (x86)/gnu tools arm embedded/4.9 2015q1/bin/../lib/gcc/arm-none-eabi/4.9.3/../../../../arm-none-eabi/lib/armv7e-m/fpu\libm.a(lib_a-wf_atan2.o)
                              ..\obj\main.o (atan2f)
c:/program files (x86)/gnu tools arm embedded/4.9 2015q1/bin/../lib/gcc/arm-none-eabi/4.9.3/../../../../arm-none-eabi/lib/armv7e-m/fpu\libm.a(lib_a-ef_atan2.o)
                              c:/program files (x86)/gnu tools arm embedded/4.9 2015q1/bin/../lib/gcc/arm-none-eabi/4.9.3/../../../../arm-none-eabi/lib/armv7e-m/fpu\libm.a(lib_a-wf_atan2.o) (__ieee754_atan2f)
c:/program files (x86)/gnu tools arm embedded/4.9 2015q1/bin/../lib/gcc/arm-none-eabi/4.9.3/../../../../arm-none-eabi/lib/armv7e-m/fpu\libm.a(lib_a-sf_atan.o)
                              c:/program files (x86)/gnu tools arm embedded/4.9 2015q1/bin/../lib/gcc/arm-none-eabi/4.9.3/../../../../arm-none-eabi/lib/armv7e-m/fpu\libm.a(lib_a-ef_atan2.o) (atanf)
c:/program files (x86)/gnu tools arm embedded/4.9 2015q1/bin/../lib/gcc/arm-none-eabi/4.9.3/../../../../arm-none-eabi/lib/armv7e-m/fpu\libm.a(lib_a-sf_fabs.o)
                              c:/program files (x86)/gnu tools arm embedded/4.9 2015q1/bin/../lib/gcc/arm-none-eabi/4.9.3/../../../../arm-none-eabi/lib/armv7e-m/fpu\libm.a(lib_a-ef_atan2.o) (fabsf)
c:/program files (x86)/gnu tools arm embedded/4.9 2015q1/bin/../lib/gcc/arm-none-eabi/4.9.3/armv7e-m/fpu\libgcc.a(_arm_addsubdf3.o)
                              ..\obj\main.o (__aeabi_dsub)
c:/program files (x86)/gnu tools arm embedded/4.9 2015q1/bin/../lib/gcc/arm-none-eabi/4.9.3/armv7e-m/fpu\libgcc.a(_arm_muldivdf3.o)
                              ..\obj\main.o (__aeabi_dmul)
c:/program files (x86)/gnu tools arm embedded/4.9 2015q1/bin/../lib/gcc/arm-none-eabi/4.9.3/armv7e-m/fpu\libgcc.a(_arm_truncdfsf2.o)
                              ..\obj\main.o (__aeabi_d2f)

Allocating common symbols
Common symbol       size              file

inpwm               0xc               ..\obj\main.o
pilot_w2            0x2               ..\obj\main.o
inpwm2              0xc               ..\obj\main.o
gxyzf               0xc               ..\obj\main.o
akxyzf              0xc               ..\obj\main.o
pilot_w             0x2               ..\obj\main.o

Discarded input sections

 .text          0x00000000        0x0 ..\obj\semihosting.o
 .data          0x00000000        0x0 ..\obj\semihosting.o
 .text.SH_SendString
                0x00000000        0xa ..\obj\semihosting.o
 .text.SH_GetChar
                0x00000000       0x2a ..\obj\semihosting.o
 .text          0x00000000        0x0 ..\obj\stm32f4xx_syscfg.o
 .data          0x00000000        0x0 ..\obj\stm32f4xx_syscfg.o
 .bss           0x00000000        0x0 ..\obj\stm32f4xx_syscfg.o
 .text.SYSCFG_DeInit
                0x00000000       0x1a ..\obj\stm32f4xx_syscfg.o
 .text.SYSCFG_MemoryRemapConfig
                0x00000000        0xc ..\obj\stm32f4xx_syscfg.o
 .text.SYSCFG_ETH_MediaInterfaceConfig
                0x00000000        0xc ..\obj\stm32f4xx_syscfg.o
 .text.SYSCFG_CompensationCellCmd
                0x00000000        0xc ..\obj\stm32f4xx_syscfg.o
 .text.SYSCFG_GetCompensationCellStatus
                0x00000000       0x10 ..\obj\stm32f4xx_syscfg.o
 .text          0x00000000        0x0 ..\obj\startup_stm32f4xx.o
 .data          0x00000000        0x0 ..\obj\startup_stm32f4xx.o
 .bss           0x00000000        0x0 ..\obj\startup_stm32f4xx.o
 .text          0x00000000        0x0 ..\obj\main.o
 .text.m_read   0x00000000       0x7c ..\obj\main.o
 .text.bar_read
                0x00000000       0x78 ..\obj\main.o
 .text.PWM_SetDC
                0x00000000       0x20 ..\obj\main.o
 .text          0x00000000        0x0 ..\obj\stm32f4xx_rcc.o
 .bss           0x00000000        0x0 ..\obj\stm32f4xx_rcc.o
 .text.RCC_DeInit
                0x00000000       0x34 ..\obj\stm32f4xx_rcc.o
 .text.RCC_HSEConfig
                0x00000000       0x10 ..\obj\stm32f4xx_rcc.o
 .text.RCC_AdjustHSICalibrationValue
                0x00000000       0x14 ..\obj\stm32f4xx_rcc.o
 .text.RCC_HSICmd
                0x00000000        0xc ..\obj\stm32f4xx_rcc.o
 .text.RCC_LSEConfig
                0x00000000       0x20 ..\obj\stm32f4xx_rcc.o
 .text.RCC_LSICmd
                0x00000000        0xc ..\obj\stm32f4xx_rcc.o
 .text.RCC_PLLConfig
                0x00000000       0x20 ..\obj\stm32f4xx_rcc.o
 .text.RCC_PLLCmd
                0x00000000        0xc ..\obj\stm32f4xx_rcc.o
 .text.RCC_PLLI2SConfig
                0x00000000       0x14 ..\obj\stm32f4xx_rcc.o
 .text.RCC_PLLI2SCmd
                0x00000000        0xc ..\obj\stm32f4xx_rcc.o
 .text.RCC_ClockSecuritySystemCmd
                0x00000000        0xc ..\obj\stm32f4xx_rcc.o
 .text.RCC_MCO1Config
                0x00000000       0x14 ..\obj\stm32f4xx_rcc.o
 .text.RCC_MCO2Config
                0x00000000       0x14 ..\obj\stm32f4xx_rcc.o
 .text.RCC_SYSCLKConfig
                0x00000000       0x14 ..\obj\stm32f4xx_rcc.o
 .text.RCC_GetSYSCLKSource
                0x00000000       0x10 ..\obj\stm32f4xx_rcc.o
 .text.RCC_HCLKConfig
                0x00000000       0x14 ..\obj\stm32f4xx_rcc.o
 .text.RCC_PCLK1Config
                0x00000000       0x14 ..\obj\stm32f4xx_rcc.o
 .text.RCC_PCLK2Config
                0x00000000       0x14 ..\obj\stm32f4xx_rcc.o
 .text.RCC_RTCCLKConfig
                0x00000000       0x30 ..\obj\stm32f4xx_rcc.o
 .text.RCC_RTCCLKCmd
                0x00000000        0xc ..\obj\stm32f4xx_rcc.o
 .text.RCC_BackupResetCmd
                0x00000000        0xc ..\obj\stm32f4xx_rcc.o
 .text.RCC_I2SCLKConfig
                0x00000000        0xc ..\obj\stm32f4xx_rcc.o
 .text.RCC_AHB2PeriphClockCmd
                0x00000000       0x18 ..\obj\stm32f4xx_rcc.o
 .text.RCC_AHB3PeriphClockCmd
                0x00000000       0x18 ..\obj\stm32f4xx_rcc.o
 .text.RCC_AHB1PeriphResetCmd
                0x00000000       0x18 ..\obj\stm32f4xx_rcc.o
 .text.RCC_AHB2PeriphResetCmd
                0x00000000       0x18 ..\obj\stm32f4xx_rcc.o
 .text.RCC_AHB3PeriphResetCmd
                0x00000000       0x18 ..\obj\stm32f4xx_rcc.o
 .text.RCC_APB1PeriphResetCmd
                0x00000000       0x18 ..\obj\stm32f4xx_rcc.o
 .text.RCC_APB2PeriphResetCmd
                0x00000000       0x18 ..\obj\stm32f4xx_rcc.o
 .text.RCC_AHB1PeriphClockLPModeCmd
                0x00000000       0x18 ..\obj\stm32f4xx_rcc.o
 .text.RCC_AHB2PeriphClockLPModeCmd
                0x00000000       0x18 ..\obj\stm32f4xx_rcc.o
 .text.RCC_AHB3PeriphClockLPModeCmd
                0x00000000       0x18 ..\obj\stm32f4xx_rcc.o
 .text.RCC_APB1PeriphClockLPModeCmd
                0x00000000       0x18 ..\obj\stm32f4xx_rcc.o
 .text.RCC_APB2PeriphClockLPModeCmd
                0x00000000       0x18 ..\obj\stm32f4xx_rcc.o
 .text.RCC_ITConfig
                0x00000000       0x18 ..\obj\stm32f4xx_rcc.o
 .text.RCC_GetFlagStatus
                0x00000000       0x28 ..\obj\stm32f4xx_rcc.o
 .text.RCC_WaitForHSEStartUp
                0x00000000       0x30 ..\obj\stm32f4xx_rcc.o
 .text.RCC_ClearFlag
                0x00000000       0x10 ..\obj\stm32f4xx_rcc.o
 .text.RCC_GetITStatus
                0x00000000       0x14 ..\obj\stm32f4xx_rcc.o
 .text.RCC_ClearITPendingBit
                0x00000000        0xc ..\obj\stm32f4xx_rcc.o
 .text          0x00000000        0x0 ..\obj\printf.o
 .bss           0x00000000        0x0 ..\obj\printf.o
 .text.PrintChar
                0x00000000        0x4 ..\obj\printf.o
 .text.PutChar  0x00000000        0x6 ..\obj\printf.o
 .text.snprintf
                0x00000000       0x1a ..\obj\printf.o
 .text.sprintf  0x00000000       0x1a ..\obj\printf.o
 .text.fprintf  0x00000000       0x1a ..\obj\printf.o
 .text          0x00000000        0x0 ..\obj\stm32f4xx_gpio.o
 .data          0x00000000        0x0 ..\obj\stm32f4xx_gpio.o
 .bss           0x00000000        0x0 ..\obj\stm32f4xx_gpio.o
 .text.GPIO_DeInit
                0x00000000       0xd8 ..\obj\stm32f4xx_gpio.o
 .text.GPIO_StructInit
                0x00000000       0x12 ..\obj\stm32f4xx_gpio.o
 .text.GPIO_PinLockConfig
                0x00000000       0x24 ..\obj\stm32f4xx_gpio.o
 .text.GPIO_ReadInputData
                0x00000000        0x6 ..\obj\stm32f4xx_gpio.o
 .text.GPIO_ReadOutputDataBit
                0x00000000        0xc ..\obj\stm32f4xx_gpio.o
 .text.GPIO_ReadOutputData
                0x00000000        0x6 ..\obj\stm32f4xx_gpio.o
 .text.GPIO_WriteBit
                0x00000000        0xa ..\obj\stm32f4xx_gpio.o
 .text.GPIO_Write
                0x00000000        0x4 ..\obj\stm32f4xx_gpio.o
 .data          0x00000000        0x0 ..\obj\sh_cmd.o
 .bss           0x00000000        0x0 ..\obj\sh_cmd.o
 .text          0x00000000        0x0 ..\obj\system_stm32f4xx.o
 .bss           0x00000000        0x0 ..\obj\system_stm32f4xx.o
 .text.SystemCoreClockUpdate
                0x00000000       0x70 ..\obj\system_stm32f4xx.o
 .text          0x00000000        0x0 ..\obj\syscalls.o
 .data          0x00000000        0x0 ..\obj\syscalls.o
 .bss           0x00000000        0x4 ..\obj\syscalls.o
 .text._sbrk    0x00000000       0x1c ..\obj\syscalls.o
 .text.link     0x00000000        0x6 ..\obj\syscalls.o
 .text._close   0x00000000        0x6 ..\obj\syscalls.o
 .text._fstat   0x00000000        0xa ..\obj\syscalls.o
 .text._isatty  0x00000000        0x4 ..\obj\syscalls.o
 .text._lseek   0x00000000        0x4 ..\obj\syscalls.o
 .text._read    0x00000000        0x4 ..\obj\syscalls.o
 .text._write   0x00000000        0x4 ..\obj\syscalls.o
 .text.abort    0x00000000        0x2 ..\obj\syscalls.o
 .debug_info    0x00000000      0x3ed ..\obj\syscalls.o
 .debug_abbrev  0x00000000       0xf1 ..\obj\syscalls.o
 .debug_loc     0x00000000      0x113 ..\obj\syscalls.o
 .debug_aranges
                0x00000000       0x60 ..\obj\syscalls.o
 .debug_ranges  0x00000000       0x50 ..\obj\syscalls.o
 .debug_line    0x00000000      0x16d ..\obj\syscalls.o
 .debug_str     0x00000000      0x2ec ..\obj\syscalls.o
 .comment       0x00000000       0x71 ..\obj\syscalls.o
 .debug_frame   0x00000000       0xa0 ..\obj\syscalls.o
 .ARM.attributes
                0x00000000       0x39 ..\obj\syscalls.o
 .text          0x00000000        0x0 ..\obj\stm32f4xx_i2c.o
 .data          0x00000000        0x0 ..\obj\stm32f4xx_i2c.o
 .bss           0x00000000        0x0 ..\obj\stm32f4xx_i2c.o
 .text.I2C_DeInit
                0x00000000       0x5c ..\obj\stm32f4xx_i2c.o
 .text.I2C_StructInit
                0x00000000       0x1c ..\obj\stm32f4xx_i2c.o
 .text.I2C_OwnAddress2Config
                0x00000000       0x12 ..\obj\stm32f4xx_i2c.o
 .text.I2C_DualAddressCmd
                0x00000000       0x18 ..\obj\stm32f4xx_i2c.o
 .text.I2C_GeneralCallCmd
                0x00000000       0x18 ..\obj\stm32f4xx_i2c.o
 .text.I2C_SoftwareResetCmd
                0x00000000       0x18 ..\obj\stm32f4xx_i2c.o
 .text.I2C_StretchClockCmd
                0x00000000       0x18 ..\obj\stm32f4xx_i2c.o
 .text.I2C_FastModeDutyCycleConfig
                0x00000000       0x1c ..\obj\stm32f4xx_i2c.o
 .text.I2C_NACKPositionConfig
                0x00000000       0x1c ..\obj\stm32f4xx_i2c.o
 .text.I2C_SMBusAlertConfig
                0x00000000       0x1c ..\obj\stm32f4xx_i2c.o
 .text.I2C_ARPCmd
                0x00000000       0x18 ..\obj\stm32f4xx_i2c.o
 .text.I2C_TransmitPEC
                0x00000000       0x18 ..\obj\stm32f4xx_i2c.o
 .text.I2C_PECPositionConfig
                0x00000000       0x1c ..\obj\stm32f4xx_i2c.o
 .text.I2C_CalculatePEC
                0x00000000       0x18 ..\obj\stm32f4xx_i2c.o
 .text.I2C_GetPEC
                0x00000000        0x8 ..\obj\stm32f4xx_i2c.o
 .text.I2C_DMACmd
                0x00000000       0x18 ..\obj\stm32f4xx_i2c.o
 .text.I2C_DMALastTransferCmd
                0x00000000       0x18 ..\obj\stm32f4xx_i2c.o
 .text.I2C_ReadRegister
                0x00000000       0x18 ..\obj\stm32f4xx_i2c.o
 .text.I2C_ITConfig
                0x00000000       0x12 ..\obj\stm32f4xx_i2c.o
 .text.I2C_GetLastEvent
                0x00000000       0x10 ..\obj\stm32f4xx_i2c.o
 .text.I2C_ClearFlag
                0x00000000        0x8 ..\obj\stm32f4xx_i2c.o
 .text.I2C_GetITStatus
                0x00000000       0x1c ..\obj\stm32f4xx_i2c.o
 .text.I2C_ClearITPendingBit
                0x00000000        0x8 ..\obj\stm32f4xx_i2c.o
 .text          0x00000000        0x0 ..\obj\stm32f4xx_exti.o
 .data          0x00000000        0x0 ..\obj\stm32f4xx_exti.o
 .bss           0x00000000        0x0 ..\obj\stm32f4xx_exti.o
 .text.EXTI_DeInit
                0x00000000       0x1c ..\obj\stm32f4xx_exti.o
 .text.EXTI_StructInit
                0x00000000        0xe ..\obj\stm32f4xx_exti.o
 .text.EXTI_GenerateSWInterrupt
                0x00000000       0x10 ..\obj\stm32f4xx_exti.o
 .text.EXTI_GetFlagStatus
                0x00000000       0x14 ..\obj\stm32f4xx_exti.o
 .text.EXTI_ClearFlag
                0x00000000        0xc ..\obj\stm32f4xx_exti.o
 .text          0x00000000        0x0 ..\obj\misc.o
 .data          0x00000000        0x0 ..\obj\misc.o
 .bss           0x00000000        0x0 ..\obj\misc.o
 .text.NVIC_PriorityGroupConfig
                0x00000000       0x14 ..\obj\misc.o
 .text.NVIC_SetVectorTable
                0x00000000       0x14 ..\obj\misc.o
 .text.NVIC_SystemLPConfig
                0x00000000       0x18 ..\obj\misc.o
 .text.SysTick_CLKSourceConfig
                0x00000000       0x18 ..\obj\misc.o
 .text          0x00000000        0x0 ..\obj\stm32f4xx_tim.o
 .data          0x00000000        0x0 ..\obj\stm32f4xx_tim.o
 .bss           0x00000000        0x0 ..\obj\stm32f4xx_tim.o
 .text.TI1_Config
                0x00000000       0x32 ..\obj\stm32f4xx_tim.o
 .text.TI2_Config
                0x00000000       0x3a ..\obj\stm32f4xx_tim.o
 .text.TIM_DeInit
                0x00000000      0x154 ..\obj\stm32f4xx_tim.o
 .text.TIM_PrescalerConfig
                0x00000000        0x6 ..\obj\stm32f4xx_tim.o
 .text.TIM_CounterModeConfig
                0x00000000       0x10 ..\obj\stm32f4xx_tim.o
 .text.TIM_SetCounter
                0x00000000        0x4 ..\obj\stm32f4xx_tim.o
 .text.TIM_SetAutoreload
                0x00000000        0x4 ..\obj\stm32f4xx_tim.o
 .text.TIM_GetPrescaler
                0x00000000        0x6 ..\obj\stm32f4xx_tim.o
 .text.TIM_UpdateDisableConfig
                0x00000000       0x18 ..\obj\stm32f4xx_tim.o
 .text.TIM_UpdateRequestConfig
                0x00000000       0x18 ..\obj\stm32f4xx_tim.o
 .text.TIM_SelectOnePulseMode
                0x00000000       0x16 ..\obj\stm32f4xx_tim.o
 .text.TIM_SetClockDivision
                0x00000000       0x16 ..\obj\stm32f4xx_tim.o
 .text.TIM_OCStructInit
                0x00000000       0x14 ..\obj\stm32f4xx_tim.o
 .text.TIM_SelectOCxM
                0x00000000       0x46 ..\obj\stm32f4xx_tim.o
 .text.TIM_SetCompare1
                0x00000000        0x4 ..\obj\stm32f4xx_tim.o
 .text.TIM_SetCompare2
                0x00000000        0x4 ..\obj\stm32f4xx_tim.o
 .text.TIM_SetCompare3
                0x00000000        0x4 ..\obj\stm32f4xx_tim.o
 .text.TIM_SetCompare4
                0x00000000        0x4 ..\obj\stm32f4xx_tim.o
 .text.TIM_ForcedOC1Config
                0x00000000       0x10 ..\obj\stm32f4xx_tim.o
 .text.TIM_ForcedOC2Config
                0x00000000       0x14 ..\obj\stm32f4xx_tim.o
 .text.TIM_ForcedOC3Config
                0x00000000       0x10 ..\obj\stm32f4xx_tim.o
 .text.TIM_ForcedOC4Config
                0x00000000       0x14 ..\obj\stm32f4xx_tim.o
 .text.TIM_OC1FastConfig
                0x00000000       0x10 ..\obj\stm32f4xx_tim.o
 .text.TIM_OC2FastConfig
                0x00000000       0x14 ..\obj\stm32f4xx_tim.o
 .text.TIM_OC3FastConfig
                0x00000000       0x10 ..\obj\stm32f4xx_tim.o
 .text.TIM_OC4FastConfig
                0x00000000       0x14 ..\obj\stm32f4xx_tim.o
 .text.TIM_ClearOC1Ref
                0x00000000       0x10 ..\obj\stm32f4xx_tim.o
 .text.TIM_ClearOC2Ref
                0x00000000       0x10 ..\obj\stm32f4xx_tim.o
 .text.TIM_ClearOC3Ref
                0x00000000       0x10 ..\obj\stm32f4xx_tim.o
 .text.TIM_ClearOC4Ref
                0x00000000       0x10 ..\obj\stm32f4xx_tim.o
 .text.TIM_OC1PolarityConfig
                0x00000000       0x10 ..\obj\stm32f4xx_tim.o
 .text.TIM_OC1NPolarityConfig
                0x00000000       0x10 ..\obj\stm32f4xx_tim.o
 .text.TIM_OC2PolarityConfig
                0x00000000       0x14 ..\obj\stm32f4xx_tim.o
 .text.TIM_OC2NPolarityConfig
                0x00000000       0x14 ..\obj\stm32f4xx_tim.o
 .text.TIM_OC3PolarityConfig
                0x00000000       0x14 ..\obj\stm32f4xx_tim.o
 .text.TIM_OC3NPolarityConfig
                0x00000000       0x14 ..\obj\stm32f4xx_tim.o
 .text.TIM_OC4PolarityConfig
                0x00000000       0x14 ..\obj\stm32f4xx_tim.o
 .text.TIM_CCxCmd
                0x00000000       0x1c ..\obj\stm32f4xx_tim.o
 .text.TIM_CCxNCmd
                0x00000000       0x1c ..\obj\stm32f4xx_tim.o
 .text.TIM_ICStructInit
                0x00000000       0x10 ..\obj\stm32f4xx_tim.o
 .text.TIM_GetCapture1
                0x00000000        0x4 ..\obj\stm32f4xx_tim.o
 .text.TIM_GetCapture2
                0x00000000        0x4 ..\obj\stm32f4xx_tim.o
 .text.TIM_GetCapture3
                0x00000000        0x4 ..\obj\stm32f4xx_tim.o
 .text.TIM_GetCapture4
                0x00000000        0x4 ..\obj\stm32f4xx_tim.o
 .text.TIM_SetIC1Prescaler
                0x00000000       0x16 ..\obj\stm32f4xx_tim.o
 .text.TIM_SetIC2Prescaler
                0x00000000       0x1a ..\obj\stm32f4xx_tim.o
 .text.TIM_PWMIConfig
                0x00000000       0x6e ..\obj\stm32f4xx_tim.o
 .text.TIM_SetIC3Prescaler
                0x00000000       0x16 ..\obj\stm32f4xx_tim.o
 .text.TIM_SetIC4Prescaler
                0x00000000       0x1a ..\obj\stm32f4xx_tim.o
 .text.TIM_ICInit
                0x00000000       0xba ..\obj\stm32f4xx_tim.o
 .text.TIM_BDTRConfig
                0x00000000       0x22 ..\obj\stm32f4xx_tim.o
 .text.TIM_BDTRStructInit
                0x00000000       0x12 ..\obj\stm32f4xx_tim.o
 .text.TIM_CtrlPWMOutputs
                0x00000000       0x1c ..\obj\stm32f4xx_tim.o
 .text.TIM_SelectCOM
                0x00000000       0x18 ..\obj\stm32f4xx_tim.o
 .text.TIM_CCPreloadControl
                0x00000000       0x18 ..\obj\stm32f4xx_tim.o
 .text.TIM_ITConfig
                0x00000000       0x12 ..\obj\stm32f4xx_tim.o
 .text.TIM_GenerateEvent
                0x00000000        0x4 ..\obj\stm32f4xx_tim.o
 .text.TIM_GetFlagStatus
                0x00000000        0xc ..\obj\stm32f4xx_tim.o
 .text.TIM_ClearFlag
                0x00000000        0x8 ..\obj\stm32f4xx_tim.o
 .text.TIM_GetITStatus
                0x00000000       0x16 ..\obj\stm32f4xx_tim.o
 .text.TIM_ClearITPendingBit
                0x00000000        0x8 ..\obj\stm32f4xx_tim.o
 .text.TIM_DMAConfig
                0x00000000        0x8 ..\obj\stm32f4xx_tim.o
 .text.TIM_DMACmd
                0x00000000       0x12 ..\obj\stm32f4xx_tim.o
 .text.TIM_SelectCCDMA
                0x00000000       0x18 ..\obj\stm32f4xx_tim.o
 .text.TIM_InternalClockConfig
                0x00000000        0xe ..\obj\stm32f4xx_tim.o
 .text.TIM_ITRxExternalClockConfig
                0x00000000       0x1a ..\obj\stm32f4xx_tim.o
 .text.TIM_TIxExternalClockConfig
                0x00000000       0x34 ..\obj\stm32f4xx_tim.o
 .text.TIM_SelectInputTrigger
                0x00000000       0x10 ..\obj\stm32f4xx_tim.o
 .text.TIM_SelectOutputTrigger
                0x00000000       0x16 ..\obj\stm32f4xx_tim.o
 .text.TIM_SelectSlaveMode
                0x00000000       0x16 ..\obj\stm32f4xx_tim.o
 .text.TIM_SelectMasterSlaveMode
                0x00000000       0x16 ..\obj\stm32f4xx_tim.o
 .text.TIM_ETRConfig
                0x00000000       0x14 ..\obj\stm32f4xx_tim.o
 .text.TIM_ETRClockMode1Config
                0x00000000       0x1a ..\obj\stm32f4xx_tim.o
 .text.TIM_ETRClockMode2Config
                0x00000000       0x14 ..\obj\stm32f4xx_tim.o
 .text.TIM_EncoderInterfaceConfig
                0x00000000       0x3c ..\obj\stm32f4xx_tim.o
 .text.TIM_SelectHallSensor
                0x00000000       0x18 ..\obj\stm32f4xx_tim.o
 .text.TIM_RemapConfig
                0x00000000        0x6 ..\obj\stm32f4xx_tim.o
 .text          0x00000000        0x0 c:/program files (x86)/gnu tools arm embedded/4.9 2015q1/bin/../lib/gcc/arm-none-eabi/4.9.3/../../../../arm-none-eabi/lib/armv7e-m/fpu\libm.a(lib_a-wf_atan2.o)
 .data          0x00000000        0x0 c:/program files (x86)/gnu tools arm embedded/4.9 2015q1/bin/../lib/gcc/arm-none-eabi/4.9.3/../../../../arm-none-eabi/lib/armv7e-m/fpu\libm.a(lib_a-wf_atan2.o)
 .bss           0x00000000        0x0 c:/program files (x86)/gnu tools arm embedded/4.9 2015q1/bin/../lib/gcc/arm-none-eabi/4.9.3/../../../../arm-none-eabi/lib/armv7e-m/fpu\libm.a(lib_a-wf_atan2.o)
 .text          0x00000000        0x0 c:/program files (x86)/gnu tools arm embedded/4.9 2015q1/bin/../lib/gcc/arm-none-eabi/4.9.3/../../../../arm-none-eabi/lib/armv7e-m/fpu\libm.a(lib_a-ef_atan2.o)
 .data          0x00000000        0x0 c:/program files (x86)/gnu tools arm embedded/4.9 2015q1/bin/../lib/gcc/arm-none-eabi/4.9.3/../../../../arm-none-eabi/lib/armv7e-m/fpu\libm.a(lib_a-ef_atan2.o)
 .bss           0x00000000        0x0 c:/program files (x86)/gnu tools arm embedded/4.9 2015q1/bin/../lib/gcc/arm-none-eabi/4.9.3/../../../../arm-none-eabi/lib/armv7e-m/fpu\libm.a(lib_a-ef_atan2.o)
 .text          0x00000000        0x0 c:/program files (x86)/gnu tools arm embedded/4.9 2015q1/bin/../lib/gcc/arm-none-eabi/4.9.3/../../../../arm-none-eabi/lib/armv7e-m/fpu\libm.a(lib_a-sf_atan.o)
 .data          0x00000000        0x0 c:/program files (x86)/gnu tools arm embedded/4.9 2015q1/bin/../lib/gcc/arm-none-eabi/4.9.3/../../../../arm-none-eabi/lib/armv7e-m/fpu\libm.a(lib_a-sf_atan.o)
 .bss           0x00000000        0x0 c:/program files (x86)/gnu tools arm embedded/4.9 2015q1/bin/../lib/gcc/arm-none-eabi/4.9.3/../../../../arm-none-eabi/lib/armv7e-m/fpu\libm.a(lib_a-sf_atan.o)
 .text          0x00000000        0x0 c:/program files (x86)/gnu tools arm embedded/4.9 2015q1/bin/../lib/gcc/arm-none-eabi/4.9.3/../../../../arm-none-eabi/lib/armv7e-m/fpu\libm.a(lib_a-sf_fabs.o)
 .data          0x00000000        0x0 c:/program files (x86)/gnu tools arm embedded/4.9 2015q1/bin/../lib/gcc/arm-none-eabi/4.9.3/../../../../arm-none-eabi/lib/armv7e-m/fpu\libm.a(lib_a-sf_fabs.o)
 .bss           0x00000000        0x0 c:/program files (x86)/gnu tools arm embedded/4.9 2015q1/bin/../lib/gcc/arm-none-eabi/4.9.3/../../../../arm-none-eabi/lib/armv7e-m/fpu\libm.a(lib_a-sf_fabs.o)
 .data          0x00000000        0x0 c:/program files (x86)/gnu tools arm embedded/4.9 2015q1/bin/../lib/gcc/arm-none-eabi/4.9.3/armv7e-m/fpu\libgcc.a(_arm_addsubdf3.o)
 .bss           0x00000000        0x0 c:/program files (x86)/gnu tools arm embedded/4.9 2015q1/bin/../lib/gcc/arm-none-eabi/4.9.3/armv7e-m/fpu\libgcc.a(_arm_addsubdf3.o)
 .data          0x00000000        0x0 c:/program files (x86)/gnu tools arm embedded/4.9 2015q1/bin/../lib/gcc/arm-none-eabi/4.9.3/armv7e-m/fpu\libgcc.a(_arm_muldivdf3.o)
 .bss           0x00000000        0x0 c:/program files (x86)/gnu tools arm embedded/4.9 2015q1/bin/../lib/gcc/arm-none-eabi/4.9.3/armv7e-m/fpu\libgcc.a(_arm_muldivdf3.o)
 .data          0x00000000        0x0 c:/program files (x86)/gnu tools arm embedded/4.9 2015q1/bin/../lib/gcc/arm-none-eabi/4.9.3/armv7e-m/fpu\libgcc.a(_arm_truncdfsf2.o)
 .bss           0x00000000        0x0 c:/program files (x86)/gnu tools arm embedded/4.9 2015q1/bin/../lib/gcc/arm-none-eabi/4.9.3/armv7e-m/fpu\libgcc.a(_arm_truncdfsf2.o)

Memory Configuration

Name             Origin             Length             Attributes
rom              0x08000000         0x00100000         xr
ram              0x20000000         0x00020000         xrw
ram1             0x10000000         0x00010000         xrw
*default*        0x00000000         0xffffffff

Linker script and memory map

                0x20020000                _eram = 0x20020000

.text           0x08000000     0x25cc
 *(.isr_vector)
 .isr_vector    0x08000000      0x188 ..\obj\startup_stm32f4xx.o
                0x08000000                g_pfnVectors
 *(.text*)
 .text.SH_SendChar
                0x08000188       0x3c ..\obj\semihosting.o
                0x08000188                SH_SendChar
 .text.SYSCFG_EXTILineConfig
                0x080001c4       0x2a ..\obj\stm32f4xx_syscfg.o
                0x080001c4                SYSCFG_EXTILineConfig
 .text.Default_Handler
                0x080001ee        0x2 ..\obj\startup_stm32f4xx.o
                0x080001ee                RTC_Alarm_IRQHandler
                0x080001ee                HASH_RNG_IRQHandler
                0x080001ee                EXTI2_IRQHandler
                0x080001ee                TIM8_CC_IRQHandler
                0x080001ee                DebugMon_Handler
                0x080001ee                TIM1_CC_IRQHandler
                0x080001ee                DMA2_Stream5_IRQHandler
                0x080001ee                DMA1_Stream5_IRQHandler
                0x080001ee                SysTick_Handler
                0x080001ee                PVD_IRQHandler
                0x080001ee                SDIO_IRQHandler
                0x080001ee                TAMP_STAMP_IRQHandler
                0x080001ee                PendSV_Handler
                0x080001ee                NMI_Handler
                0x080001ee                CAN2_RX1_IRQHandler
                0x080001ee                EXTI3_IRQHandler
                0x080001ee                TIM8_TRG_COM_TIM14_IRQHandler
                0x080001ee                TIM1_UP_TIM10_IRQHandler
                0x080001ee                TIM8_UP_TIM13_IRQHandler
                0x080001ee                I2C3_ER_IRQHandler
                0x080001ee                I2C2_EV_IRQHandler
                0x080001ee                DMA1_Stream2_IRQHandler
                0x080001ee                CAN1_RX0_IRQHandler
                0x080001ee                FPU_IRQHandler
                0x080001ee                OTG_HS_WKUP_IRQHandler
                0x080001ee                UsageFault_Handler
                0x080001ee                CAN2_SCE_IRQHandler
                0x080001ee                DMA2_Stream2_IRQHandler
                0x080001ee                SPI1_IRQHandler
                0x080001ee                TIM6_DAC_IRQHandler
                0x080001ee                TIM1_BRK_TIM9_IRQHandler
                0x080001ee                DCMI_IRQHandler
                0x080001ee                CAN2_RX0_IRQHandler
                0x080001ee                DMA2_Stream3_IRQHandler
                0x080001ee                USART6_IRQHandler
                0x080001ee                USART3_IRQHandler
                0x080001ee                CRYP_IRQHandler
                0x080001ee                CAN1_RX1_IRQHandler
                0x080001ee                UART5_IRQHandler
                0x080001ee                DMA2_Stream0_IRQHandler
                0x080001ee                TIM4_IRQHandler
                0x080001ee                I2C1_EV_IRQHandler
                0x080001ee                DMA1_Stream6_IRQHandler
                0x080001ee                DMA1_Stream1_IRQHandler
                0x080001ee                UART4_IRQHandler
                0x080001ee                TIM3_IRQHandler
                0x080001ee                RCC_IRQHandler
                0x080001ee                TIM8_BRK_TIM12_IRQHandler
                0x080001ee                ADC_IRQHandler
                0x080001ee                DMA1_Stream7_IRQHandler
                0x080001ee                TIM7_IRQHandler
                0x080001ee                CAN2_TX_IRQHandler
                0x080001ee                TIM5_IRQHandler
                0x080001ee                DMA2_Stream7_IRQHandler
                0x080001ee                I2C3_EV_IRQHandler
                0x080001ee                EXTI9_5_IRQHandler
                0x080001ee                RTC_WKUP_IRQHandler
                0x080001ee                ETH_WKUP_IRQHandler
                0x080001ee                SPI2_IRQHandler
                0x080001ee                OTG_HS_EP1_IN_IRQHandler
                0x080001ee                MemManage_Handler
                0x080001ee                DMA1_Stream0_IRQHandler
                0x080001ee                CAN1_TX_IRQHandler
                0x080001ee                SVC_Handler
                0x080001ee                EXTI4_IRQHandler
                0x080001ee                FSMC_IRQHandler
                0x080001ee                ETH_IRQHandler
                0x080001ee                OTG_HS_EP1_OUT_IRQHandler
                0x080001ee                WWDG_IRQHandler
                0x080001ee                TIM2_IRQHandler
                0x080001ee                OTG_FS_WKUP_IRQHandler
                0x080001ee                TIM1_TRG_COM_TIM11_IRQHandler
                0x080001ee                OTG_HS_IRQHandler
                0x080001ee                EXTI1_IRQHandler
                0x080001ee                USART2_IRQHandler
                0x080001ee                I2C2_ER_IRQHandler
                0x080001ee                DMA2_Stream1_IRQHandler
                0x080001ee                CAN1_SCE_IRQHandler
                0x080001ee                FLASH_IRQHandler
                0x080001ee                DMA2_Stream4_IRQHandler
                0x080001ee                BusFault_Handler
                0x080001ee                USART1_IRQHandler
                0x080001ee                OTG_FS_IRQHandler
                0x080001ee                SPI3_IRQHandler
                0x080001ee                DMA1_Stream4_IRQHandler
                0x080001ee                I2C1_ER_IRQHandler
                0x080001ee                DMA2_Stream6_IRQHandler
                0x080001ee                DMA1_Stream3_IRQHandler
 .text.Default_Reset_Handler
                0x080001f0       0x58 ..\obj\startup_stm32f4xx.o
                0x080001f0                Default_Reset_Handler
                0x080001f0                Reset_Handler
 .text.init_LED
                0x08000248       0x38 ..\obj\main.o
                0x08000248                init_LED
 .text.init_Button
                0x08000280       0x34 ..\obj\main.o
                0x08000280                init_Button
 .text.init_I2C1
                0x080002b4       0x90 ..\obj\main.o
                0x080002b4                init_I2C1
 .text.I2C_start
                0x08000344       0x68 ..\obj\main.o
                0x08000344                I2C_start
 .text.I2C_write
                0x080003ac       0x1c ..\obj\main.o
                0x080003ac                I2C_write
 .text.I2C_read_ack
                0x080003c8       0x24 ..\obj\main.o
                0x080003c8                I2C_read_ack
 .text.I2C_read_nack
                0x080003ec       0x2c ..\obj\main.o
                0x080003ec                I2C_read_nack
 .text.I2C_stop
                0x08000418        0x6 ..\obj\main.o
                0x08000418                I2C_stop
 *fill*         0x0800041e        0x2 
 .text.init_gyro
                0x08000420       0x94 ..\obj\main.o
                0x08000420                init_gyro
 .text.init_akm
                0x080004b4       0xac ..\obj\main.o
                0x080004b4                init_akm
 .text.init_bar
                0x08000560       0x2c ..\obj\main.o
                0x08000560                init_bar
 .text.gyro_read
                0x0800058c       0xec ..\obj\main.o
                0x0800058c                gyro_read
 .text.ak_read  0x08000678       0xec ..\obj\main.o
                0x08000678                ak_read
 .text.TIM_Config_ESC
                0x08000764       0x90 ..\obj\main.o
                0x08000764                TIM_Config_ESC
 .text.PWM_Config_ESC
                0x080007f4       0xb0 ..\obj\main.o
                0x080007f4                PWM_Config_ESC
 .text.Configure_PD0
                0x080008a4       0x78 ..\obj\main.o
                0x080008a4                Configure_PD0
 .text.Configure_PB12
                0x0800091c       0x7c ..\obj\main.o
                0x0800091c                Configure_PB12
 .text.EXTI0_IRQHandler
                0x08000998       0x98 ..\obj\main.o
                0x08000998                EXTI0_IRQHandler
 .text.EXTI15_10_IRQHandler
                0x08000a30       0xb0 ..\obj\main.o
                0x08000a30                EXTI15_10_IRQHandler
 .text.initTimers
                0x08000ae0       0x54 ..\obj\main.o
                0x08000ae0                initTimers
 *fill*         0x08000b34        0x4 
 .text.startup.main
                0x08000b38      0x340 ..\obj\main.o
                0x08000b38                main
 .text.RCC_GetClocksFreq
                0x08000e78       0x88 ..\obj\stm32f4xx_rcc.o
                0x08000e78                RCC_GetClocksFreq
 .text.RCC_AHB1PeriphClockCmd
                0x08000f00       0x18 ..\obj\stm32f4xx_rcc.o
                0x08000f00                RCC_AHB1PeriphClockCmd
 .text.RCC_APB1PeriphClockCmd
                0x08000f18       0x18 ..\obj\stm32f4xx_rcc.o
                0x08000f18                RCC_APB1PeriphClockCmd
 .text.RCC_APB2PeriphClockCmd
                0x08000f30       0x18 ..\obj\stm32f4xx_rcc.o
                0x08000f30                RCC_APB2PeriphClockCmd
 .text.PutString
                0x08000f48       0x18 ..\obj\printf.o
                0x08000f48                PutString
 .text.PutUnsignedInt
                0x08000f60       0x46 ..\obj\printf.o
                0x08000f60                PutUnsignedInt
 .text.PutSignedInt
                0x08000fa6       0x6c ..\obj\printf.o
                0x08000fa6                PutSignedInt
 .text.PutHexa  0x08001012       0x52 ..\obj\printf.o
                0x08001012                PutHexa
 .text.vsnprintf
                0x08001064       0xfc ..\obj\printf.o
                0x08001064                vsnprintf
 .text.vsprintf
                0x08001160       0x12 ..\obj\printf.o
                0x08001160                vsprintf
 *fill*         0x08001172        0x2 
 .text.fputc    0x08001174       0x28 ..\obj\printf.o
                0x08001174                fputc
 .text.fputs    0x0800119c       0x1e ..\obj\printf.o
                0x0800119c                fputs
 *fill*         0x080011ba        0x2 
 .text.vfprintf
                0x080011bc       0x54 ..\obj\printf.o
                0x080011bc                vfprintf
 .text.vprintf  0x08001210       0x14 ..\obj\printf.o
                0x08001210                vprintf
 .text.printf   0x08001224       0x1a ..\obj\printf.o
                0x08001224                printf
 *fill*         0x0800123e        0x2 
 .text.puts     0x08001240       0x10 ..\obj\printf.o
                0x08001240                puts
 .text.GPIO_Init
                0x08001250       0x70 ..\obj\stm32f4xx_gpio.o
                0x08001250                GPIO_Init
 .text.GPIO_ReadInputDataBit
                0x080012c0        0xc ..\obj\stm32f4xx_gpio.o
                0x080012c0                GPIO_ReadInputDataBit
 .text.GPIO_SetBits
                0x080012cc        0x4 ..\obj\stm32f4xx_gpio.o
                0x080012cc                GPIO_SetBits
 .text.GPIO_ResetBits
                0x080012d0        0x4 ..\obj\stm32f4xx_gpio.o
                0x080012d0                GPIO_ResetBits
 .text.GPIO_ToggleBits
                0x080012d4        0x8 ..\obj\stm32f4xx_gpio.o
                0x080012d4                GPIO_ToggleBits
 .text.GPIO_PinAFConfig
                0x080012dc       0x24 ..\obj\stm32f4xx_gpio.o
                0x080012dc                GPIO_PinAFConfig
 .text          0x08001300       0x28 ..\obj\sh_cmd.o
                0x08001300                SH_DoCommand
                0x08001312                HardFault_Handler
 .text.SystemInit
                0x08001328       0xf8 ..\obj\system_stm32f4xx.o
                0x08001328                SystemInit
 .text.I2C_Init
                0x08001420       0xd4 ..\obj\stm32f4xx_i2c.o
                0x08001420                I2C_Init
 .text.I2C_Cmd  0x080014f4       0x18 ..\obj\stm32f4xx_i2c.o
                0x080014f4                I2C_Cmd
 .text.I2C_GenerateSTART
                0x0800150c       0x18 ..\obj\stm32f4xx_i2c.o
                0x0800150c                I2C_GenerateSTART
 .text.I2C_GenerateSTOP
                0x08001524       0x18 ..\obj\stm32f4xx_i2c.o
                0x08001524                I2C_GenerateSTOP
 .text.I2C_Send7bitAddress
                0x0800153c       0x12 ..\obj\stm32f4xx_i2c.o
                0x0800153c                I2C_Send7bitAddress
 .text.I2C_AcknowledgeConfig
                0x0800154e       0x18 ..\obj\stm32f4xx_i2c.o
                0x0800154e                I2C_AcknowledgeConfig
 .text.I2C_SendData
                0x08001566        0x4 ..\obj\stm32f4xx_i2c.o
                0x08001566                I2C_SendData
 .text.I2C_ReceiveData
                0x0800156a        0x6 ..\obj\stm32f4xx_i2c.o
                0x0800156a                I2C_ReceiveData
 .text.I2C_CheckEvent
                0x08001570       0x1c ..\obj\stm32f4xx_i2c.o
                0x08001570                I2C_CheckEvent
 .text.I2C_GetFlagStatus
                0x0800158c       0x34 ..\obj\stm32f4xx_i2c.o
                0x0800158c                I2C_GetFlagStatus
 .text.EXTI_Init
                0x080015c0       0x78 ..\obj\stm32f4xx_exti.o
                0x080015c0                EXTI_Init
 .text.EXTI_GetITStatus
                0x08001638       0x1c ..\obj\stm32f4xx_exti.o
                0x08001638                EXTI_GetITStatus
 .text.EXTI_ClearITPendingBit
                0x08001654        0xc ..\obj\stm32f4xx_exti.o
                0x08001654                EXTI_ClearITPendingBit
 .text.NVIC_Init
                0x08001660       0x6c ..\obj\misc.o
                0x08001660                NVIC_Init
 .text.TIM_TimeBaseInit
                0x080016cc       0x7c ..\obj\stm32f4xx_tim.o
                0x080016cc                TIM_TimeBaseInit
 .text.TIM_TimeBaseStructInit
                0x08001748       0x12 ..\obj\stm32f4xx_tim.o
                0x08001748                TIM_TimeBaseStructInit
 .text.TIM_GetCounter
                0x0800175a        0x4 ..\obj\stm32f4xx_tim.o
                0x0800175a                TIM_GetCounter
 .text.TIM_ARRPreloadConfig
                0x0800175e       0x18 ..\obj\stm32f4xx_tim.o
                0x0800175e                TIM_ARRPreloadConfig
 .text.TIM_Cmd  0x08001776       0x18 ..\obj\stm32f4xx_tim.o
                0x08001776                TIM_Cmd
 *fill*         0x0800178e        0x2 
 .text.TIM_OC1Init
                0x08001790       0x70 ..\obj\stm32f4xx_tim.o
                0x08001790                TIM_OC1Init
 .text.TIM_OC2Init
                0x08001800       0x88 ..\obj\stm32f4xx_tim.o
                0x08001800                TIM_OC2Init
 .text.TIM_OC3Init
                0x08001888       0x84 ..\obj\stm32f4xx_tim.o
                0x08001888                TIM_OC3Init
 .text.TIM_OC4Init
                0x0800190c       0x68 ..\obj\stm32f4xx_tim.o
                0x0800190c                TIM_OC4Init
 .text.TIM_OC1PreloadConfig
                0x08001974       0x10 ..\obj\stm32f4xx_tim.o
                0x08001974                TIM_OC1PreloadConfig
 .text.TIM_OC2PreloadConfig
                0x08001984       0x14 ..\obj\stm32f4xx_tim.o
                0x08001984                TIM_OC2PreloadConfig
 .text.TIM_OC3PreloadConfig
                0x08001998       0x10 ..\obj\stm32f4xx_tim.o
                0x08001998                TIM_OC3PreloadConfig
 .text.TIM_OC4PreloadConfig
                0x080019a8       0x14 ..\obj\stm32f4xx_tim.o
                0x080019a8                TIM_OC4PreloadConfig
 .text.atan2f   0x080019bc        0x4 c:/program files (x86)/gnu tools arm embedded/4.9 2015q1/bin/../lib/gcc/arm-none-eabi/4.9.3/../../../../arm-none-eabi/lib/armv7e-m/fpu\libm.a(lib_a-wf_atan2.o)
                0x080019bc                atan2f
 .text.__ieee754_atan2f
                0x080019c0      0x16c c:/program files (x86)/gnu tools arm embedded/4.9 2015q1/bin/../lib/gcc/arm-none-eabi/4.9.3/../../../../arm-none-eabi/lib/armv7e-m/fpu\libm.a(lib_a-ef_atan2.o)
                0x080019c0                __ieee754_atan2f
 .text.atanf    0x08001b2c      0x1b8 c:/program files (x86)/gnu tools arm embedded/4.9 2015q1/bin/../lib/gcc/arm-none-eabi/4.9.3/../../../../arm-none-eabi/lib/armv7e-m/fpu\libm.a(lib_a-sf_atan.o)
                0x08001b2c                atanf
 .text.fabsf    0x08001ce4       0x10 c:/program files (x86)/gnu tools arm embedded/4.9 2015q1/bin/../lib/gcc/arm-none-eabi/4.9.3/../../../../arm-none-eabi/lib/armv7e-m/fpu\libm.a(lib_a-sf_fabs.o)
                0x08001ce4                fabsf
 .text          0x08001cf4      0x370 c:/program files (x86)/gnu tools arm embedded/4.9 2015q1/bin/../lib/gcc/arm-none-eabi/4.9.3/armv7e-m/fpu\libgcc.a(_arm_addsubdf3.o)
                0x08001cf4                __aeabi_drsub
                0x08001cfc                __aeabi_dsub
                0x08001cfc                __subdf3
                0x08001d00                __aeabi_dadd
                0x08001d00                __adddf3
                0x08001f78                __floatunsidf
                0x08001f78                __aeabi_ui2d
                0x08001f98                __floatsidf
                0x08001f98                __aeabi_i2d
                0x08001fbc                __aeabi_f2d
                0x08001fbc                __extendsfdf2
                0x08001ff8                __floatundidf
                0x08001ff8                __aeabi_ul2d
                0x08002008                __floatdidf
                0x08002008                __aeabi_l2d
 .text          0x08002064      0x424 c:/program files (x86)/gnu tools arm embedded/4.9 2015q1/bin/../lib/gcc/arm-none-eabi/4.9.3/armv7e-m/fpu\libgcc.a(_arm_muldivdf3.o)
                0x08002064                __aeabi_dmul
                0x08002064                __muldf3
                0x080022b8                __divdf3
                0x080022b8                __aeabi_ddiv
 .text          0x08002488       0xa0 c:/program files (x86)/gnu tools arm embedded/4.9 2015q1/bin/../lib/gcc/arm-none-eabi/4.9.3/armv7e-m/fpu\libgcc.a(_arm_truncdfsf2.o)
                0x08002488                __truncdfsf2
                0x08002488                __aeabi_d2f
 *(.init)
 *(.fini)
 *crtbegin.o(.ctors)
 *crtbegin?.o(.ctors)
 *(EXCLUDE_FILE(*crtend.o *crtend?.o) .ctors)
 *(SORT(.ctors.*))
 *(.ctors)
 *crtbegin.o(.dtors)
 *crtbegin?.o(.dtors)
 *(EXCLUDE_FILE(*crtend.o *crtend?.o) .dtors)
 *(SORT(.dtors.*))
 *(.dtors)
 *(.rodata*)
 .rodata.str1.1
                0x08002528       0x60 ..\obj\main.o
 .rodata.str1.1
                0x08002588       0x24 ..\obj\printf.o
 .rodata.atanlo
                0x080025ac       0x10 c:/program files (x86)/gnu tools arm embedded/4.9 2015q1/bin/../lib/gcc/arm-none-eabi/4.9.3/../../../../arm-none-eabi/lib/armv7e-m/fpu\libm.a(lib_a-sf_atan.o)
 .rodata.atanhi
                0x080025bc       0x10 c:/program files (x86)/gnu tools arm embedded/4.9 2015q1/bin/../lib/gcc/arm-none-eabi/4.9.3/../../../../arm-none-eabi/lib/armv7e-m/fpu\libm.a(lib_a-sf_atan.o)
 *(.eh_fram e*)

.glue_7         0x080025cc        0x0
 .glue_7        0x00000000        0x0 linker stubs

.glue_7t        0x080025cc        0x0
 .glue_7t       0x00000000        0x0 linker stubs

.vfp11_veneer   0x080025cc        0x0
 .vfp11_veneer  0x00000000        0x0 linker stubs

.v4_bx          0x080025cc        0x0
 .v4_bx         0x00000000        0x0 linker stubs

.iplt           0x080025cc        0x0
 .iplt          0x00000000        0x0 ..\obj\semihosting.o

.rel.dyn        0x080025cc        0x0
 .rel.iplt      0x00000000        0x0 ..\obj\semihosting.o

.ARM.extab
 *(.ARM.extab* .gnu.linkonce.armextab.*)
                0x080025cc                __exidx_start = .

.ARM.exidx
 *(.ARM.exidx* .gnu.linkonce.armexidx.*)
                0x080025cc                __exidx_end = .
                0x080025cc                __etext = .
                0x080025cc                _sidata = __etext

.data           0x20000000      0x464 load address 0x080025cc
                0x20000000                __data_start__ = .
                0x20000000                _sdata = __data_start__
 *(vtable)
 *(.data*)
 .data          0x20000000        0xc ..\obj\main.o
                0x20000000                LOW_ODR
                0x20000004                CTRL_REG4
                0x20000008                CTRL_REG1
 .data          0x2000000c       0x10 ..\obj\stm32f4xx_rcc.o
 *fill*         0x2000001c        0x4 
 .data          0x20000020      0x430 ..\obj\printf.o
                0x20000020                _impure_ptr
                0x20000028                r
 .data          0x20000450       0x14 ..\obj\system_stm32f4xx.o
                0x20000450                SystemCoreClock
                0x20000454                AHBPrescTable
                0x20000464                . = ALIGN (0x4)
                0x20000464                PROVIDE (__preinit_array_start, .)
 *(.preinit_array)
                0x20000464                PROVIDE (__preinit_array_end, .)
                0x20000464                . = ALIGN (0x4)
                0x20000464                PROVIDE (__init_array_start, .)
 *(SORT(.init_array.*))
 *(.init_array)
                0x20000464                PROVIDE (__init_array_end, .)
                0x20000464                . = ALIGN (0x4)
                0x20000464                PROVIDE (__fini_array_start, .)
 *(SORT(.fini_array.*))
 *(.fini_array)
                0x20000464                PROVIDE (__fini_array_end, .)
 *(.jcr*)
                0x20000464                . = ALIGN (0x4)
                0x20000464                __data_end__ = .
                0x20000464                _edata = __data_end__

.igot.plt       0x20000464        0x0 load address 0x08002a30
 .igot.plt      0x00000000        0x0 ..\obj\semihosting.o

.bss            0x20000464       0x68 load address 0x08002a30
                0x20000464                . = ALIGN (0x4)
                0x20000464                __bss_start__ = .
                0x20000464                _sbss = __bss_start__
 *(.bss*)
 .bss           0x20000464       0x11 ..\obj\semihosting.o
 *fill*         0x20000475        0x3 
 .bss           0x20000478       0x1c ..\obj\main.o
                0x20000478                capture_ready
                0x2000047c                capture2
                0x20000480                capture1
                0x20000484                capture_ready2
                0x20000488                capture22
                0x2000048c                capture12
                0x20000490                ster_pilot
 *(COMMON)
 COMMON         0x20000494       0x36 ..\obj\main.o
                0x20000494                inpwm
                0x200004a0                pilot_w2
                0x200004a4                inpwm2
                0x200004b0                gxyzf
                0x200004bc                akxyzf
                0x200004c8                pilot_w
                0x200004cc                . = ALIGN (0x4)
 *fill*         0x200004ca        0x2 
                0x200004cc                __bss_end__ = .
                0x200004cc                _ebss = __bss_end__

.heap           0x200004cc        0x0
                0x200004cc                __end__ = .
                0x200004cc                _end = __end__
                0x200004cc                end = __end__
 *(.heap*)
                0x200004cc                __HeapLimit = .

.co_stack       0x200004cc      0x804 load address 0x08002a98
                0x200004d0                . = ALIGN (0x8)
 *fill*         0x200004cc        0x4 
 *(.co_stack .co_stack.*)
 .co_stack      0x200004d0      0x800 ..\obj\startup_stm32f4xx.o
                0x200004d0                pulStack
                0x20020000                __StackTop = (ORIGIN (ram) + 0x20000)
                0x2001f7fc                __StackLimit = (__StackTop - SIZEOF (.co_stack))
                0x20020000                PROVIDE (__stack, __StackTop)
                0x00000001                ASSERT ((__StackLimit >= __HeapLimit), region ram  overflowed with stack)
LOAD ..\obj\semihosting.o
LOAD ..\obj\stm32f4xx_syscfg.o
LOAD ..\obj\startup_stm32f4xx.o
LOAD ..\obj\main.o
LOAD ..\obj\stm32f4xx_rcc.o
LOAD ..\obj\printf.o
LOAD ..\obj\stm32f4xx_gpio.o
LOAD ..\obj\sh_cmd.o
LOAD ..\obj\system_stm32f4xx.o
LOAD ..\obj\syscalls.o
LOAD ..\obj\stm32f4xx_i2c.o
LOAD ..\obj\stm32f4xx_exti.o
LOAD ..\obj\misc.o
LOAD ..\obj\stm32f4xx_tim.o
LOAD c:/program files (x86)/gnu tools arm embedded/4.9 2015q1/bin/../lib/gcc/arm-none-eabi/4.9.3/../../../../arm-none-eabi/lib/armv7e-m/fpu\libm.a
LOAD c:/program files (x86)/gnu tools arm embedded/4.9 2015q1/bin/../lib/gcc/arm-none-eabi/4.9.3/armv7e-m/fpu\libgcc.a
LOAD c:/program files (x86)/gnu tools arm embedded/4.9 2015q1/bin/../lib/gcc/arm-none-eabi/4.9.3/../../../../arm-none-eabi/lib/armv7e-m/fpu\libc.a
START GROUP
LOAD c:/program files (x86)/gnu tools arm embedded/4.9 2015q1/bin/../lib/gcc/arm-none-eabi/4.9.3/armv7e-m/fpu\libgcc.a
LOAD c:/program files (x86)/gnu tools arm embedded/4.9 2015q1/bin/../lib/gcc/arm-none-eabi/4.9.3/../../../../arm-none-eabi/lib/armv7e-m/fpu\libg.a
LOAD c:/program files (x86)/gnu tools arm embedded/4.9 2015q1/bin/../lib/gcc/arm-none-eabi/4.9.3/../../../../arm-none-eabi/lib/armv7e-m/fpu\libc.a
END GROUP
OUTPUT(Blinker2.elf elf32-littlearm)

.debug_info     0x00000000     0x8fe9
 .debug_info    0x00000000      0x1c4 ..\obj\semihosting.o
 .debug_info    0x000001c4      0x2b5 ..\obj\stm32f4xx_syscfg.o
 .debug_info    0x00000479      0x116 ..\obj\startup_stm32f4xx.o
 .debug_info    0x0000058f     0x2a60 ..\obj\main.o
 .debug_info    0x00002fef      0xc8c ..\obj\stm32f4xx_rcc.o
 .debug_info    0x00003c7b     0x1191 ..\obj\printf.o
 .debug_info    0x00004e0c      0x70c ..\obj\stm32f4xx_gpio.o
 .debug_info    0x00005518       0x96 ..\obj\sh_cmd.o
 .debug_info    0x000055ae      0x5b3 ..\obj\system_stm32f4xx.o
 .debug_info    0x00005b61      0xb86 ..\obj\stm32f4xx_i2c.o
 .debug_info    0x000066e7      0x34a ..\obj\stm32f4xx_exti.o
 .debug_info    0x00006a31      0x541 ..\obj\misc.o
 .debug_info    0x00006f72     0x2077 ..\obj\stm32f4xx_tim.o

.debug_abbrev   0x00000000     0x1771
 .debug_abbrev  0x00000000       0xf9 ..\obj\semihosting.o
 .debug_abbrev  0x000000f9      0x167 ..\obj\stm32f4xx_syscfg.o
 .debug_abbrev  0x00000260      0x105 ..\obj\startup_stm32f4xx.o
 .debug_abbrev  0x00000365      0x3a5 ..\obj\main.o
 .debug_abbrev  0x0000070a      0x209 ..\obj\stm32f4xx_rcc.o
 .debug_abbrev  0x00000913      0x366 ..\obj\printf.o
 .debug_abbrev  0x00000c79      0x1e6 ..\obj\stm32f4xx_gpio.o
 .debug_abbrev  0x00000e5f       0x14 ..\obj\sh_cmd.o
 .debug_abbrev  0x00000e73      0x15d ..\obj\system_stm32f4xx.o
 .debug_abbrev  0x00000fd0      0x1dd ..\obj\stm32f4xx_i2c.o
 .debug_abbrev  0x000011ad      0x1c3 ..\obj\stm32f4xx_exti.o
 .debug_abbrev  0x00001370      0x154 ..\obj\misc.o
 .debug_abbrev  0x000014c4      0x2ad ..\obj\stm32f4xx_tim.o

.debug_loc      0x00000000     0x46fd
 .debug_loc     0x00000000       0x58 ..\obj\semihosting.o
 .debug_loc     0x00000058       0xa6 ..\obj\stm32f4xx_syscfg.o
 .debug_loc     0x000000fe       0x2b ..\obj\startup_stm32f4xx.o
 .debug_loc     0x00000129      0x89c ..\obj\main.o
 .debug_loc     0x000009c5      0x9ef ..\obj\stm32f4xx_rcc.o
 .debug_loc     0x000013b4      0xb46 ..\obj\printf.o
 .debug_loc     0x00001efa      0x325 ..\obj\stm32f4xx_gpio.o
 .debug_loc     0x0000221f       0xc8 ..\obj\system_stm32f4xx.o
 .debug_loc     0x000022e7      0x6c1 ..\obj\stm32f4xx_i2c.o
 .debug_loc     0x000029a8      0x172 ..\obj\stm32f4xx_exti.o
 .debug_loc     0x00002b1a      0x147 ..\obj\misc.o
 .debug_loc     0x00002c61     0x1a9c ..\obj\stm32f4xx_tim.o

.debug_aranges  0x00000000      0x900
 .debug_aranges
                0x00000000       0x30 ..\obj\semihosting.o
 .debug_aranges
                0x00000030       0x48 ..\obj\stm32f4xx_syscfg.o
 .debug_aranges
                0x00000078       0x28 ..\obj\startup_stm32f4xx.o
 .debug_aranges
                0x000000a0       0xd8 ..\obj\main.o
 .debug_aranges
                0x00000178      0x178 ..\obj\stm32f4xx_rcc.o
 .debug_aranges
                0x000002f0       0xa0 ..\obj\printf.o
 .debug_aranges
                0x00000390       0x88 ..\obj\stm32f4xx_gpio.o
 .debug_aranges
                0x00000418       0x20 ..\obj\sh_cmd.o
 .debug_aranges
                0x00000438       0x28 ..\obj\system_stm32f4xx.o
 .debug_aranges
                0x00000460      0x120 ..\obj\stm32f4xx_i2c.o
 .debug_aranges
                0x00000580       0x58 ..\obj\stm32f4xx_exti.o
 .debug_aranges
                0x000005d8       0x40 ..\obj\misc.o
 .debug_aranges
                0x00000618      0x2e8 ..\obj\stm32f4xx_tim.o

.debug_ranges   0x00000000      0x888
 .debug_ranges  0x00000000       0x20 ..\obj\semihosting.o
 .debug_ranges  0x00000020       0x38 ..\obj\stm32f4xx_syscfg.o
 .debug_ranges  0x00000058       0x18 ..\obj\startup_stm32f4xx.o
 .debug_ranges  0x00000070       0xe0 ..\obj\main.o
 .debug_ranges  0x00000150      0x168 ..\obj\stm32f4xx_rcc.o
 .debug_ranges  0x000002b8       0x90 ..\obj\printf.o
 .debug_ranges  0x00000348       0x78 ..\obj\stm32f4xx_gpio.o
 .debug_ranges  0x000003c0       0x30 ..\obj\system_stm32f4xx.o
 .debug_ranges  0x000003f0      0x110 ..\obj\stm32f4xx_i2c.o
 .debug_ranges  0x00000500       0x48 ..\obj\stm32f4xx_exti.o
 .debug_ranges  0x00000548       0x30 ..\obj\misc.o
 .debug_ranges  0x00000578      0x310 ..\obj\stm32f4xx_tim.o

.debug_line     0x00000000     0x2ee6
 .debug_line    0x00000000       0xba ..\obj\semihosting.o
 .debug_line    0x000000ba      0x25d ..\obj\stm32f4xx_syscfg.o
 .debug_line    0x00000317       0x9c ..\obj\startup_stm32f4xx.o
 .debug_line    0x000003b3      0x755 ..\obj\main.o
 .debug_line    0x00000b08      0x580 ..\obj\stm32f4xx_rcc.o
 .debug_line    0x00001088      0x3d9 ..\obj\printf.o
 .debug_line    0x00001461      0x346 ..\obj\stm32f4xx_gpio.o
 .debug_line    0x000017a7       0x7d ..\obj\sh_cmd.o
 .debug_line    0x00001824      0x1d1 ..\obj\system_stm32f4xx.o
 .debug_line    0x000019f5      0x513 ..\obj\stm32f4xx_i2c.o
 .debug_line    0x00001f08      0x2b0 ..\obj\stm32f4xx_exti.o
 .debug_line    0x000021b8      0x245 ..\obj\misc.o
 .debug_line    0x000023fd      0xae9 ..\obj\stm32f4xx_tim.o

.debug_str      0x00000000     0x2e82
 .debug_str     0x00000000      0x17c ..\obj\semihosting.o
                                0x1b5 (size before relaxing)
 .debug_str     0x0000017c      0x1d3 ..\obj\stm32f4xx_syscfg.o
                                0x329 (size before relaxing)
 .debug_str     0x0000034f       0xbb ..\obj\startup_stm32f4xx.o
                                0x175 (size before relaxing)
 .debug_str     0x0000040a     0x102f ..\obj\main.o
                               0x123b (size before relaxing)
 .debug_str     0x00001439      0x5c1 ..\obj\stm32f4xx_rcc.o
                                0x86e (size before relaxing)
 .debug_str     0x000019fa      0x4b6 ..\obj\printf.o
                                0x687 (size before relaxing)
 .debug_str     0x00001eb0      0x126 ..\obj\stm32f4xx_gpio.o
                                0x4e8 (size before relaxing)
 .debug_str     0x00001fd6       0xf8 ..\obj\system_stm32f4xx.o
                                0x3c8 (size before relaxing)
 .debug_str     0x000020ce      0x298 ..\obj\stm32f4xx_i2c.o
                                0x6ac (size before relaxing)
 .debug_str     0x00002366       0xb9 ..\obj\stm32f4xx_exti.o
                                0x377 (size before relaxing)
 .debug_str     0x0000241f      0x142 ..\obj\misc.o
                                0x3ec (size before relaxing)
 .debug_str     0x00002561      0x921 ..\obj\stm32f4xx_tim.o
                                0xe1c (size before relaxing)

.comment        0x00000000       0x70
 .comment       0x00000000       0x70 ..\obj\semihosting.o
                                 0x71 (size before relaxing)
 .comment       0x00000000       0x71 ..\obj\stm32f4xx_syscfg.o
 .comment       0x00000000       0x71 ..\obj\startup_stm32f4xx.o
 .comment       0x00000000       0x71 ..\obj\main.o
 .comment       0x00000000       0x71 ..\obj\stm32f4xx_rcc.o
 .comment       0x00000000       0x71 ..\obj\printf.o
 .comment       0x00000000       0x71 ..\obj\stm32f4xx_gpio.o
 .comment       0x00000000       0x71 ..\obj\system_stm32f4xx.o
 .comment       0x00000000       0x71 ..\obj\stm32f4xx_i2c.o
 .comment       0x00000000       0x71 ..\obj\stm32f4xx_exti.o
 .comment       0x00000000       0x71 ..\obj\misc.o
 .comment       0x00000000       0x71 ..\obj\stm32f4xx_tim.o

.ARM.attributes
                0x00000000       0x37
 .ARM.attributes
                0x00000000       0x39 ..\obj\semihosting.o
 .ARM.attributes
                0x00000039       0x39 ..\obj\stm32f4xx_syscfg.o
 .ARM.attributes
                0x00000072       0x39 ..\obj\startup_stm32f4xx.o
 .ARM.attributes
                0x000000ab       0x39 ..\obj\main.o
 .ARM.attributes
                0x000000e4       0x39 ..\obj\stm32f4xx_rcc.o
 .ARM.attributes
                0x0000011d       0x39 ..\obj\printf.o
 .ARM.attributes
                0x00000156       0x39 ..\obj\stm32f4xx_gpio.o
 .ARM.attributes
                0x0000018f       0x25 ..\obj\sh_cmd.o
 .ARM.attributes
                0x000001b4       0x39 ..\obj\system_stm32f4xx.o
 .ARM.attributes
                0x000001ed       0x39 ..\obj\stm32f4xx_i2c.o
 .ARM.attributes
                0x00000226       0x39 ..\obj\stm32f4xx_exti.o
 .ARM.attributes
                0x0000025f       0x39 ..\obj\misc.o
 .ARM.attributes
                0x00000298       0x39 ..\obj\stm32f4xx_tim.o
 .ARM.attributes
                0x000002d1       0x34 c:/program files (x86)/gnu tools arm embedded/4.9 2015q1/bin/../lib/gcc/arm-none-eabi/4.9.3/../../../../arm-none-eabi/lib/armv7e-m/fpu\libm.a(lib_a-wf_atan2.o)
 .ARM.attributes
                0x00000305       0x34 c:/program files (x86)/gnu tools arm embedded/4.9 2015q1/bin/../lib/gcc/arm-none-eabi/4.9.3/../../../../arm-none-eabi/lib/armv7e-m/fpu\libm.a(lib_a-ef_atan2.o)
 .ARM.attributes
                0x00000339       0x34 c:/program files (x86)/gnu tools arm embedded/4.9 2015q1/bin/../lib/gcc/arm-none-eabi/4.9.3/../../../../arm-none-eabi/lib/armv7e-m/fpu\libm.a(lib_a-sf_atan.o)
 .ARM.attributes
                0x0000036d       0x34 c:/program files (x86)/gnu tools arm embedded/4.9 2015q1/bin/../lib/gcc/arm-none-eabi/4.9.3/../../../../arm-none-eabi/lib/armv7e-m/fpu\libm.a(lib_a-sf_fabs.o)
 .ARM.attributes
                0x000003a1       0x22 c:/program files (x86)/gnu tools arm embedded/4.9 2015q1/bin/../lib/gcc/arm-none-eabi/4.9.3/armv7e-m/fpu\libgcc.a(_arm_addsubdf3.o)
 .ARM.attributes
                0x000003c3       0x22 c:/program files (x86)/gnu tools arm embedded/4.9 2015q1/bin/../lib/gcc/arm-none-eabi/4.9.3/armv7e-m/fpu\libgcc.a(_arm_muldivdf3.o)
 .ARM.attributes
                0x000003e5       0x22 c:/program files (x86)/gnu tools arm embedded/4.9 2015q1/bin/../lib/gcc/arm-none-eabi/4.9.3/armv7e-m/fpu\libgcc.a(_arm_truncdfsf2.o)

.debug_frame    0x00000000     0x1544
 .debug_frame   0x00000000       0x58 ..\obj\semihosting.o
 .debug_frame   0x00000058       0x84 ..\obj\stm32f4xx_syscfg.o
 .debug_frame   0x000000dc       0x3c ..\obj\startup_stm32f4xx.o
 .debug_frame   0x00000118      0x30c ..\obj\main.o
 .debug_frame   0x00000424      0x2e8 ..\obj\stm32f4xx_rcc.o
 .debug_frame   0x0000070c      0x20c ..\obj\printf.o
 .debug_frame   0x00000918      0x120 ..\obj\stm32f4xx_gpio.o
 .debug_frame   0x00000a38       0x3c ..\obj\system_stm32f4xx.o
 .debug_frame   0x00000a74      0x258 ..\obj\stm32f4xx_i2c.o
 .debug_frame   0x00000ccc       0x9c ..\obj\stm32f4xx_exti.o
 .debug_frame   0x00000d68       0x68 ..\obj\misc.o
 .debug_frame   0x00000dd0      0x6c0 ..\obj\stm32f4xx_tim.o
 .debug_frame   0x00001490       0x20 c:/program files (x86)/gnu tools arm embedded/4.9 2015q1/bin/../lib/gcc/arm-none-eabi/4.9.3/../../../../arm-none-eabi/lib/armv7e-m/fpu\libm.a(lib_a-wf_atan2.o)
 .debug_frame   0x000014b0       0x48 c:/program files (x86)/gnu tools arm embedded/4.9 2015q1/bin/../lib/gcc/arm-none-eabi/4.9.3/../../../../arm-none-eabi/lib/armv7e-m/fpu\libm.a(lib_a-ef_atan2.o)
 .debug_frame   0x000014f8       0x2c c:/program files (x86)/gnu tools arm embedded/4.9 2015q1/bin/../lib/gcc/arm-none-eabi/4.9.3/../../../../arm-none-eabi/lib/armv7e-m/fpu\libm.a(lib_a-sf_atan.o)
 .debug_frame   0x00001524       0x20 c:/program files (x86)/gnu tools arm embedded/4.9 2015q1/bin/../lib/gcc/arm-none-eabi/4.9.3/../../../../arm-none-eabi/lib/armv7e-m/fpu\libm.a(lib_a-sf_fabs.o)
